Archive member included to satisfy reference by file (symbol)

c:/program files (x86)/atollic/truestudio for arm 7.1.1/armtools/bin/../lib/gcc/arm-atollic-eabi/5.3.1/../../../../arm-atollic-eabi/lib/armv7e-m/fpu\libc_nano.a(lib_a-ctype_.o)
                              Libraries\NPC\Framework\src\NPC_bluetooth.o (__ctype_ptr__)
c:/program files (x86)/atollic/truestudio for arm 7.1.1/armtools/bin/../lib/gcc/arm-atollic-eabi/5.3.1/../../../../arm-atollic-eabi/lib/armv7e-m/fpu\libc_nano.a(lib_a-init.o)
                              src\startup_stm32f40xx.o (__libc_init_array)
c:/program files (x86)/atollic/truestudio for arm 7.1.1/armtools/bin/../lib/gcc/arm-atollic-eabi/5.3.1/../../../../arm-atollic-eabi/lib/armv7e-m/fpu\libc_nano.a(lib_a-strcmp.o)
                              Libraries\NPC\UnitTest\src\clock_management_test.o (strcmp)
c:/program files (x86)/atollic/truestudio for arm 7.1.1/armtools/bin/../lib/gcc/arm-atollic-eabi/5.3.1/../../../../arm-atollic-eabi/lib/armv7e-m/fpu\libc_nano.a(lib_a-strlen.o)
                              Libraries\NPC\Framework\src\NPC_bluetooth.o (strlen)
c:/program files (x86)/atollic/truestudio for arm 7.1.1/armtools/bin/../lib/gcc/arm-atollic-eabi/5.3.1/armv7e-m/fpu\libgcc.a(_arm_addsubdf3.o)
                              Libraries\NPC\Framework\src\NPC_temperature.o (__aeabi_f2d)
c:/program files (x86)/atollic/truestudio for arm 7.1.1/armtools/bin/../lib/gcc/arm-atollic-eabi/5.3.1/armv7e-m/fpu\libgcc.a(_arm_muldivdf3.o)
                              Libraries\NPC\Framework\src\NPC_temperature.o (__aeabi_ddiv)
c:/program files (x86)/atollic/truestudio for arm 7.1.1/armtools/bin/../lib/gcc/arm-atollic-eabi/5.3.1/armv7e-m/fpu\libgcc.a(_arm_fixdfsi.o)
                              Libraries\NPC\Framework\src\NPC_temperature.o (__aeabi_d2iz)
c:/program files (x86)/atollic/truestudio for arm 7.1.1/armtools/bin/../lib/gcc/arm-atollic-eabi/5.3.1/../../../../arm-atollic-eabi/lib/armv7e-m/fpu\libnosys.a(write.o)
                              src\tiny_printf.o (_write)
c:/program files (x86)/atollic/truestudio for arm 7.1.1/armtools/bin/../lib/gcc/arm-atollic-eabi/5.3.1/../../../../arm-atollic-eabi/lib/armv7e-m/fpu\libnosys.a(errno.o)
                              c:/program files (x86)/atollic/truestudio for arm 7.1.1/armtools/bin/../lib/gcc/arm-atollic-eabi/5.3.1/../../../../arm-atollic-eabi/lib/armv7e-m/fpu\libnosys.a(write.o) (errno)

Allocating common symbols
Common symbol       size              file

CurrentPos          0x4               Utilities\STM32F4-Discovery\stm32f4_discovery_audio_codec.o
errno               0x4               c:/program files (x86)/atollic/truestudio for arm 7.1.1/armtools/bin/../lib/gcc/arm-atollic-eabi/5.3.1/../../../../arm-atollic-eabi/lib/armv7e-m/fpu\libnosys.a(errno.o)
RTC_InitStruct      0xc               Libraries\NPC\Framework\src\NPC_clock.o
AUDIO_MAL_DMA_InitStructure
                    0x3c              Utilities\STM32F4-Discovery\stm32f4_discovery_audio_codec.o
RTC_AlarmStruct     0x10              Libraries\NPC\Framework\src\NPC_clock.o
EXTI_InitStruct     0x8               Libraries\NPC\Framework\src\NPC_clock.o
NVIC_InitStructure  0x4               Utilities\STM32F4-Discovery\stm32f4_discovery.o
DMA_InitStructure   0x3c              Utilities\STM32F4-Discovery\stm32f4_discovery_audio_codec.o
pixel_color         0x1               Libraries\NPC\Framework\src\NPC_utils.o

Discarded input sections

 .text          0x00000000        0x0 c:/program files (x86)/atollic/truestudio for arm 7.1.1/armtools/bin/../lib/gcc/arm-atollic-eabi/5.3.1/armv7e-m/fpu/crti.o
 .data          0x00000000        0x0 c:/program files (x86)/atollic/truestudio for arm 7.1.1/armtools/bin/../lib/gcc/arm-atollic-eabi/5.3.1/armv7e-m/fpu/crti.o
 .bss           0x00000000        0x0 c:/program files (x86)/atollic/truestudio for arm 7.1.1/armtools/bin/../lib/gcc/arm-atollic-eabi/5.3.1/armv7e-m/fpu/crti.o
 .data          0x00000000        0x4 c:/program files (x86)/atollic/truestudio for arm 7.1.1/armtools/bin/../lib/gcc/arm-atollic-eabi/5.3.1/armv7e-m/fpu/crtbegin.o
 .text          0x00000000        0x0 Libraries\NPC\Application\src\clock_management.o
 .data          0x00000000        0x0 Libraries\NPC\Application\src\clock_management.o
 .bss           0x00000000        0x0 Libraries\NPC\Application\src\clock_management.o
 .text.ClockManagement_saveAlarm
                0x00000000       0xe0 Libraries\NPC\Application\src\clock_management.o
 .text.ClockManagement_saveTime
                0x00000000       0x60 Libraries\NPC\Application\src\clock_management.o
 .text.ClockManagement_saveDate
                0x00000000       0x60 Libraries\NPC\Application\src\clock_management.o
 .text.ClockManagement_loadAlarm
                0x00000000       0xb4 Libraries\NPC\Application\src\clock_management.o
 .text.ClockManagement_loadTime
                0x00000000       0x54 Libraries\NPC\Application\src\clock_management.o
[...]
Memory Configuration

Name             Origin             Length             Attributes
FLASH            0x08000000         0x00100000         xr
RAM              0x20000000         0x00020000         xrw
MEMORY_B1        0x60000000         0x00000000         xr
CCMRAM           0x10000000         0x00010000         rw
*default*        0x00000000         0xffffffff

Linker script and memory map

LOAD c:/program files (x86)/atollic/truestudio for arm 7.1.1/armtools/bin/../lib/gcc/arm-atollic-eabi/5.3.1/armv7e-m/fpu/crti.o
LOAD c:/program files (x86)/atollic/truestudio for arm 7.1.1/armtools/bin/../lib/gcc/arm-atollic-eabi/5.3.1/armv7e-m/fpu/crtbegin.o
LOAD Libraries\NPC\Application\src\clock_management.o
LOAD Libraries\NPC\Framework\src\NPC_audio.o
LOAD Libraries\NPC\Framework\src\NPC_bluetooth.o
LOAD Libraries\NPC\Framework\src\NPC_clock.o
LOAD Libraries\NPC\Framework\src\NPC_configuration.o
LOAD Libraries\NPC\Framework\src\NPC_eeprom.o
LOAD Libraries\NPC\Framework\src\NPC_neopixel.o
LOAD Libraries\NPC\Framework\src\NPC_slave.o
LOAD Libraries\NPC\Framework\src\NPC_temperature.o
LOAD Libraries\NPC\Framework\src\NPC_utils.o
LOAD Libraries\NPC\UnitTest\src\clock_management_test.o
LOAD Libraries\NPC\UnitTest\src\eeprom_test.o
LOAD Libraries\NPC\UnitTest\src\rtc_test.o
LOAD Libraries\NPC\UnitTest\src\unitTest.o
LOAD Libraries\STM32F4xx_StdPeriph_Driver\src\misc.o
LOAD Libraries\STM32F4xx_StdPeriph_Driver\src\stm32f4xx_adc.o
LOAD Libraries\STM32F4xx_StdPeriph_Driver\src\stm32f4xx_can.o
LOAD Libraries\STM32F4xx_StdPeriph_Driver\src\stm32f4xx_crc.o
LOAD Libraries\STM32F4xx_StdPeriph_Driver\src\stm32f4xx_cryp.o
LOAD Libraries\STM32F4xx_StdPeriph_Driver\src\stm32f4xx_cryp_aes.o
LOAD Libraries\STM32F4xx_StdPeriph_Driver\src\stm32f4xx_cryp_des.o
LOAD Libraries\STM32F4xx_StdPeriph_Driver\src\stm32f4xx_cryp_tdes.o
LOAD Libraries\STM32F4xx_StdPeriph_Driver\src\stm32f4xx_dac.o
LOAD Libraries\STM32F4xx_StdPeriph_Driver\src\stm32f4xx_dbgmcu.o
LOAD Libraries\STM32F4xx_StdPeriph_Driver\src\stm32f4xx_dcmi.o
LOAD Libraries\STM32F4xx_StdPeriph_Driver\src\stm32f4xx_dma.o
LOAD Libraries\STM32F4xx_StdPeriph_Driver\src\stm32f4xx_exti.o
LOAD Libraries\STM32F4xx_StdPeriph_Driver\src\stm32f4xx_flash.o
LOAD Libraries\STM32F4xx_StdPeriph_Driver\src\stm32f4xx_fsmc.o
LOAD Libraries\STM32F4xx_StdPeriph_Driver\src\stm32f4xx_gpio.o
LOAD Libraries\STM32F4xx_StdPeriph_Driver\src\stm32f4xx_hash.o
LOAD Libraries\STM32F4xx_StdPeriph_Driver\src\stm32f4xx_hash_md5.o
LOAD Libraries\STM32F4xx_StdPeriph_Driver\src\stm32f4xx_hash_sha1.o
LOAD Libraries\STM32F4xx_StdPeriph_Driver\src\stm32f4xx_i2c.o
LOAD Libraries\STM32F4xx_StdPeriph_Driver\src\stm32f4xx_iwdg.o
LOAD Libraries\STM32F4xx_StdPeriph_Driver\src\stm32f4xx_pwr.o
LOAD Libraries\STM32F4xx_StdPeriph_Driver\src\stm32f4xx_rcc.o
LOAD Libraries\STM32F4xx_StdPeriph_Driver\src\stm32f4xx_rng.o
LOAD Libraries\STM32F4xx_StdPeriph_Driver\src\stm32f4xx_rtc.o
LOAD Libraries\STM32F4xx_StdPeriph_Driver\src\stm32f4xx_sdio.o
LOAD Libraries\STM32F4xx_StdPeriph_Driver\src\stm32f4xx_spi.o
LOAD Libraries\STM32F4xx_StdPeriph_Driver\src\stm32f4xx_syscfg.o
LOAD Libraries\STM32F4xx_StdPeriph_Driver\src\stm32f4xx_tim.o
LOAD Libraries\STM32F4xx_StdPeriph_Driver\src\stm32f4xx_usart.o
LOAD Libraries\STM32F4xx_StdPeriph_Driver\src\stm32f4xx_wwdg.o
LOAD Utilities\STM32F4-Discovery\stm32f4_discovery.o
LOAD Utilities\STM32F4-Discovery\stm32f4_discovery_audio_codec.o
LOAD Utilities\STM32F4-Discovery\stm32f4_discovery_lis302dl.o
LOAD src\main.o
LOAD src\startup_stm32f40xx.o
LOAD src\stm32f4xx_it.o
LOAD src\system_stm32f4xx.o
LOAD src\tiny_printf.o
START GROUP
LOAD c:/program files (x86)/atollic/truestudio for arm 7.1.1/armtools/bin/../lib/gcc/arm-atollic-eabi/5.3.1/../../../../arm-atollic-eabi/lib/armv7e-m/fpu\libc_nano.a
LOAD c:/program files (x86)/atollic/truestudio for arm 7.1.1/armtools/bin/../lib/gcc/arm-atollic-eabi/5.3.1/../../../../arm-atollic-eabi/lib/armv7e-m/fpu\libm.a
END GROUP
                0x00000080                malloc_getpagesize_P = 0x80
START GROUP
LOAD c:/program files (x86)/atollic/truestudio for arm 7.1.1/armtools/bin/../lib/gcc/arm-atollic-eabi/5.3.1/armv7e-m/fpu\libgcc.a
LOAD c:/program files (x86)/atollic/truestudio for arm 7.1.1/armtools/bin/../lib/gcc/arm-atollic-eabi/5.3.1/../../../../arm-atollic-eabi/lib/armv7e-m/fpu\libc_nano.a
END GROUP
START GROUP
LOAD c:/program files (x86)/atollic/truestudio for arm 7.1.1/armtools/bin/../lib/gcc/arm-atollic-eabi/5.3.1/armv7e-m/fpu\libgcc.a
LOAD c:/program files (x86)/atollic/truestudio for arm 7.1.1/armtools/bin/../lib/gcc/arm-atollic-eabi/5.3.1/../../../../arm-atollic-eabi/lib/armv7e-m/fpu\libc_nano.a
LOAD c:/program files (x86)/atollic/truestudio for arm 7.1.1/armtools/bin/../lib/gcc/arm-atollic-eabi/5.3.1/../../../../arm-atollic-eabi/lib/armv7e-m/fpu\libnosys.a
END GROUP
START GROUP
LOAD c:/program files (x86)/atollic/truestudio for arm 7.1.1/armtools/bin/../lib/gcc/arm-atollic-eabi/5.3.1/armv7e-m/fpu\libgcc.a
LOAD c:/program files (x86)/atollic/truestudio for arm 7.1.1/armtools/bin/../lib/gcc/arm-atollic-eabi/5.3.1/../../../../arm-atollic-eabi/lib/armv7e-m/fpu\libc_nano.a
LOAD c:/program files (x86)/atollic/truestudio for arm 7.1.1/armtools/bin/../lib/gcc/arm-atollic-eabi/5.3.1/../../../../arm-atollic-eabi/lib/armv7e-m/fpu\libnosys.a
END GROUP
LOAD c:/program files (x86)/atollic/truestudio for arm 7.1.1/armtools/bin/../lib/gcc/arm-atollic-eabi/5.3.1/armv7e-m/fpu/crtend.o
LOAD c:/program files (x86)/atollic/truestudio for arm 7.1.1/armtools/bin/../lib/gcc/arm-atollic-eabi/5.3.1/armv7e-m/fpu/crtn.o
                0x20020000                _estack = 0x20020000
                0x00000000                _Min_Heap_Size = 0x0
                0x00000400                _Min_Stack_Size = 0x400

.isr_vector     0x08000000      0x188
                0x08000000                . = ALIGN (0x4)
 *(.isr_vector)
 .isr_vector    0x08000000      0x188 src\startup_stm32f40xx.o
                0x08000000                g_pfnVectors
                0x08000188                . = ALIGN (0x4)

.text           0x08000188     0x2d20
                0x08000188                . = ALIGN (0x4)
 *(.text)
 .text          0x08000188       0x40 c:/program files (x86)/atollic/truestudio for arm 7.1.1/armtools/bin/../lib/gcc/arm-atollic-eabi/5.3.1/armv7e-m/fpu/crtbegin.o
 .text          0x080001c8       0x10 c:/program files (x86)/atollic/truestudio for arm 7.1.1/armtools/bin/../lib/gcc/arm-atollic-eabi/5.3.1/../../../../arm-atollic-eabi/lib/armv7e-m/fpu\libc_nano.a(lib_a-strlen.o)
                0x080001c8                strlen
 .text          0x080001d8      0x370 c:/program files (x86)/atollic/truestudio for arm 7.1.1/armtools/bin/../lib/gcc/arm-atollic-eabi/5.3.1/armv7e-m/fpu\libgcc.a(_arm_addsubdf3.o)
                0x080001d8                __aeabi_drsub
                0x080001e0                __aeabi_dsub
                0x080001e0                __subdf3
                0x080001e4                __aeabi_dadd
                0x080001e4                __adddf3
                0x0800045c                __floatunsidf
                0x0800045c                __aeabi_ui2d
                0x0800047c                __floatsidf
                0x0800047c                __aeabi_i2d
                0x080004a0                __aeabi_f2d
                0x080004a0                __extendsfdf2
                0x080004dc                __floatundidf
                0x080004dc                __aeabi_ul2d
                0x080004ec                __floatdidf
                0x080004ec                __aeabi_l2d
 .text          0x08000548      0x424 c:/program files (x86)/atollic/truestudio for arm 7.1.1/armtools/bin/../lib/gcc/arm-atollic-eabi/5.3.1/armv7e-m/fpu\libgcc.a(_arm_muldivdf3.o)
                0x08000548                __aeabi_dmul
                0x08000548                __muldf3
                0x0800079c                __divdf3
                0x0800079c                __aeabi_ddiv
 .text          0x0800096c       0x50 c:/program files (x86)/atollic/truestudio for arm 7.1.1/armtools/bin/../lib/gcc/arm-atollic-eabi/5.3.1/armv7e-m/fpu\libgcc.a(_arm_fixdfsi.o)
                0x0800096c                __aeabi_d2iz
                0x0800096c                __fixdfsi
 *(.text*)
 .text.bluetooth_init
                0x080009bc       0xd0 Libraries\NPC\Framework\src\NPC_bluetooth.o
                0x080009bc                bluetooth_init
 .text.USART1_IRQHandler
                0x08000a8c      0x110 Libraries\NPC\Framework\src\NPC_bluetooth.o
                0x08000a8c                USART1_IRQHandler
 .text.bluetooth_send
                0x08000b9c       0x4c Libraries\NPC\Framework\src\NPC_bluetooth.o
                0x08000b9c                bluetooth_send
 .text.bluetooth_receive
                0x08000be8       0x18 Libraries\NPC\Framework\src\NPC_bluetooth.o
                0x08000be8                bluetooth_receive
 .text.clock_init
                0x08000c00       0x94 Libraries\NPC\Framework\src\NPC_clock.o
                0x08000c00                clock_init
 .text.RTC_Alarm_IRQHandler
                0x08000c94       0x38 Libraries\NPC\Framework\src\NPC_clock.o
                0x08000c94                RTC_Alarm_IRQHandler
 .text.NPC_init
                0x08000ccc       0x1c Libraries\NPC\Framework\src\NPC_configuration.o
                0x08000ccc                NPC_init
 .text.eeprom_init
                0x08000ce8       0xd0 Libraries\NPC\Framework\src\NPC_eeprom.o
                0x08000ce8                eeprom_init
 .text.neopixel_init
                0x08000db8       0xd8 Libraries\NPC\Framework\src\NPC_neopixel.o
                0x08000db8                neopixel_init
 .text.TIM2_IRQHandler
                0x08000e90       0x70 Libraries\NPC\Framework\src\NPC_neopixel.o
                0x08000e90                TIM2_IRQHandler
 .text.neopixel_dataInit
                0x08000f00       0x98 Libraries\NPC\Framework\src\NPC_neopixel.o
                0x08000f00                neopixel_dataInit
 .text.neopixel_setPixelColourRGB
                0x08000f98      0x1ac Libraries\NPC\Framework\src\NPC_neopixel.o
                0x08000f98                neopixel_setPixelColourRGB
 .text.neopixel_setBrightness
                0x08001144       0x20 Libraries\NPC\Framework\src\NPC_neopixel.o
                0x08001144                neopixel_setBrightness
 .text.neopixel_colourRGB
                0x08001164       0x2c Libraries\NPC\Framework\src\NPC_neopixel.o
                0x08001164                neopixel_colourRGB
 .text.neopixel_setPixelColour
                0x08001190       0x2c Libraries\NPC\Framework\src\NPC_neopixel.o
                0x08001190                neopixel_setPixelColour
 .text.USART2_IRQHandler
                0x080011bc       0x20 Libraries\NPC\Framework\src\NPC_slave.o
                0x080011bc                USART2_IRQHandler
 .text.slave_receive
                0x080011dc       0x18 Libraries\NPC\Framework\src\NPC_slave.o
                0x080011dc                slave_receive
 .text.temperature_init
                0x080011f4       0x80 Libraries\NPC\Framework\src\NPC_temperature.o
                0x080011f4                temperature_init
 .text.temperature_value
                0x08001274       0x2c Libraries\NPC\Framework\src\NPC_temperature.o
                0x08001274                temperature_value
 .text.temperature_read
                0x080012a0       0x64 Libraries\NPC\Framework\src\NPC_temperature.o
                0x080012a0                temperature_read
 .text.max      0x08001304       0x38 Libraries\NPC\Framework\src\NPC_utils.o
                0x08001304                max
 .text.NVIC_Init
                0x0800133c       0xc4 Libraries\STM32F4xx_StdPeriph_Driver\src\misc.o
                0x0800133c                NVIC_Init
 .text.ADC_DeInit
                0x08001400       0x1c Libraries\STM32F4xx_StdPeriph_Driver\src\stm32f4xx_adc.o
                0x08001400                ADC_DeInit
 .text.ADC_Init
                0x0800141c       0xac Libraries\STM32F4xx_StdPeriph_Driver\src\stm32f4xx_adc.o
                0x0800141c                ADC_Init
 .text.ADC_Cmd  0x080014c8       0x38 Libraries\STM32F4xx_StdPeriph_Driver\src\stm32f4xx_adc.o
                0x080014c8                ADC_Cmd
 .text.ADC_RegularChannelConfig
                0x08001500      0x194 Libraries\STM32F4xx_StdPeriph_Driver\src\stm32f4xx_adc.o
                0x08001500                ADC_RegularChannelConfig
 .text.ADC_SoftwareStartConv
                0x08001694       0x20 Libraries\STM32F4xx_StdPeriph_Driver\src\stm32f4xx_adc.o
                0x08001694                ADC_SoftwareStartConv
 .text.ADC_GetConversionValue
                0x080016b4       0x1c Libraries\STM32F4xx_StdPeriph_Driver\src\stm32f4xx_adc.o
                0x080016b4                ADC_GetConversionValue
 .text.ADC_GetFlagStatus
                0x080016d0       0x34 Libraries\STM32F4xx_StdPeriph_Driver\src\stm32f4xx_adc.o
                0x080016d0                ADC_GetFlagStatus
 .text.DAC_SetChannel1Data
                0x08001704       0x38 Libraries\STM32F4xx_StdPeriph_Driver\src\stm32f4xx_dac.o
                0x08001704                DAC_SetChannel1Data
 .text.DMA_Init
                0x0800173c       0xb0 Libraries\STM32F4xx_StdPeriph_Driver\src\stm32f4xx_dma.o
                0x0800173c                DMA_Init
 .text.DMA_Cmd  0x080017ec       0x38 Libraries\STM32F4xx_StdPeriph_Driver\src\stm32f4xx_dma.o
                0x080017ec                DMA_Cmd
 .text.DMA_GetCmdStatus
                0x08001824       0x30 Libraries\STM32F4xx_StdPeriph_Driver\src\stm32f4xx_dma.o
                0x08001824                DMA_GetCmdStatus
 .text.DMA_GetFlagStatus
                0x08001854       0x78 Libraries\STM32F4xx_StdPeriph_Driver\src\stm32f4xx_dma.o
                0x08001854                DMA_GetFlagStatus
 .text.DMA_ClearFlag
                0x080018cc       0x5c Libraries\STM32F4xx_StdPeriph_Driver\src\stm32f4xx_dma.o
                0x080018cc                DMA_ClearFlag
 .text.EXTI_Init
                0x08001928       0xe4 Libraries\STM32F4xx_StdPeriph_Driver\src\stm32f4xx_exti.o
                0x08001928                EXTI_Init
 .text.EXTI_ClearITPendingBit
                0x08001a0c       0x20 Libraries\STM32F4xx_StdPeriph_Driver\src\stm32f4xx_exti.o
                0x08001a0c                EXTI_ClearITPendingBit
 .text.GPIO_Init
                0x08001a2c      0x11c Libraries\STM32F4xx_StdPeriph_Driver\src\stm32f4xx_gpio.o
                0x08001a2c                GPIO_Init
 .text.GPIO_SetBits
                0x08001b48       0x20 Libraries\STM32F4xx_StdPeriph_Driver\src\stm32f4xx_gpio.o
                0x08001b48                GPIO_SetBits
 .text.GPIO_ToggleBits
                0x08001b68       0x24 Libraries\STM32F4xx_StdPeriph_Driver\src\stm32f4xx_gpio.o
                0x08001b68                GPIO_ToggleBits
 .text.GPIO_PinAFConfig
                0x08001b8c       0x94 Libraries\STM32F4xx_StdPeriph_Driver\src\stm32f4xx_gpio.o
                0x08001b8c                GPIO_PinAFConfig
 .text.PWR_BackupAccessCmd
                0x08001c20       0x20 Libraries\STM32F4xx_StdPeriph_Driver\src\stm32f4xx_pwr.o
                0x08001c20                PWR_BackupAccessCmd
 .text.RCC_GetClocksFreq
                0x08001c40      0x154 Libraries\STM32F4xx_StdPeriph_Driver\src\stm32f4xx_rcc.o
                0x08001c40                RCC_GetClocksFreq
 .text.RCC_RTCCLKConfig
                0x08001d94       0x5c Libraries\STM32F4xx_StdPeriph_Driver\src\stm32f4xx_rcc.o
                0x08001d94                RCC_RTCCLKConfig
 .text.RCC_RTCCLKCmd
                0x08001df0       0x20 Libraries\STM32F4xx_StdPeriph_Driver\src\stm32f4xx_rcc.o
                0x08001df0                RCC_RTCCLKCmd
 .text.RCC_AHB1PeriphClockCmd
                0x08001e10       0x40 Libraries\STM32F4xx_StdPeriph_Driver\src\stm32f4xx_rcc.o
                0x08001e10                RCC_AHB1PeriphClockCmd
 .text.RCC_APB1PeriphClockCmd
                0x08001e50       0x40 Libraries\STM32F4xx_StdPeriph_Driver\src\stm32f4xx_rcc.o
                0x08001e50                RCC_APB1PeriphClockCmd
 .text.RCC_APB2PeriphClockCmd
                0x08001e90       0x40 Libraries\STM32F4xx_StdPeriph_Driver\src\stm32f4xx_rcc.o
                0x08001e90                RCC_APB2PeriphClockCmd
 .text.RCC_APB1PeriphResetCmd
                0x08001ed0       0x40 Libraries\STM32F4xx_StdPeriph_Driver\src\stm32f4xx_rcc.o
                0x08001ed0                RCC_APB1PeriphResetCmd
 .text.RCC_APB2PeriphResetCmd
                0x08001f10       0x40 Libraries\STM32F4xx_StdPeriph_Driver\src\stm32f4xx_rcc.o
                0x08001f10                RCC_APB2PeriphResetCmd
 .text.RTC_Init
                0x08001f50       0x78 Libraries\STM32F4xx_StdPeriph_Driver\src\stm32f4xx_rtc.o
                0x08001f50                RTC_Init
 .text.RTC_EnterInitMode
                0x08001fc8       0x74 Libraries\STM32F4xx_StdPeriph_Driver\src\stm32f4xx_rtc.o
                0x08001fc8                RTC_EnterInitMode
 .text.RTC_ExitInitMode
                0x0800203c       0x20 Libraries\STM32F4xx_StdPeriph_Driver\src\stm32f4xx_rtc.o
                0x0800203c                RTC_ExitInitMode
 .text.RTC_WaitForSynchro
                0x0800205c       0x78 Libraries\STM32F4xx_StdPeriph_Driver\src\stm32f4xx_rtc.o
                0x0800205c                RTC_WaitForSynchro
 .text.RTC_GetITStatus
                0x080020d4       0x68 Libraries\STM32F4xx_StdPeriph_Driver\src\stm32f4xx_rtc.o
                0x080020d4                RTC_GetITStatus
 .text.RTC_ClearITPendingBit
                0x0800213c       0x3c Libraries\STM32F4xx_StdPeriph_Driver\src\stm32f4xx_rtc.o
                0x0800213c                RTC_ClearITPendingBit
 .text.SPI_I2S_DeInit
                0x08002178       0xdc Libraries\STM32F4xx_StdPeriph_Driver\src\stm32f4xx_spi.o
                0x08002178                SPI_I2S_DeInit
 .text.SPI_Init
                0x08002254       0x88 Libraries\STM32F4xx_StdPeriph_Driver\src\stm32f4xx_spi.o
                0x08002254                SPI_Init
 .text.SPI_Cmd  0x080022dc       0x40 Libraries\STM32F4xx_StdPeriph_Driver\src\stm32f4xx_spi.o
                0x080022dc                SPI_Cmd
 .text.SPI_I2S_SendData
                0x0800231c       0x20 Libraries\STM32F4xx_StdPeriph_Driver\src\stm32f4xx_spi.o
                0x0800231c                SPI_I2S_SendData
 .text.SPI_I2S_GetFlagStatus
                0x0800233c       0x38 Libraries\STM32F4xx_StdPeriph_Driver\src\stm32f4xx_spi.o
                0x0800233c                SPI_I2S_GetFlagStatus
 .text.TIM_TimeBaseInit
                0x08002374       0xd8 Libraries\STM32F4xx_StdPeriph_Driver\src\stm32f4xx_tim.o
                0x08002374                TIM_TimeBaseInit
 .text.TIM_Cmd  0x0800244c       0x40 Libraries\STM32F4xx_StdPeriph_Driver\src\stm32f4xx_tim.o
                0x0800244c                TIM_Cmd
 .text.TIM_OC1Init
                0x0800248c       0xf4 Libraries\STM32F4xx_StdPeriph_Driver\src\stm32f4xx_tim.o
                0x0800248c                TIM_OC1Init
 .text.TIM_OC1PreloadConfig
                0x08002580       0x38 Libraries\STM32F4xx_StdPeriph_Driver\src\stm32f4xx_tim.o
                0x08002580                TIM_OC1PreloadConfig
 .text.TIM_ITConfig
                0x080025b8       0x48 Libraries\STM32F4xx_StdPeriph_Driver\src\stm32f4xx_tim.o
                0x080025b8                TIM_ITConfig
 .text.TIM_GetITStatus
                0x08002600       0x54 Libraries\STM32F4xx_StdPeriph_Driver\src\stm32f4xx_tim.o
                0x08002600                TIM_GetITStatus
 .text.TIM_ClearITPendingBit
                0x08002654       0x24 Libraries\STM32F4xx_StdPeriph_Driver\src\stm32f4xx_tim.o
                0x08002654                TIM_ClearITPendingBit
 .text.USART_Init
                0x08002678      0x174 Libraries\STM32F4xx_StdPeriph_Driver\src\stm32f4xx_usart.o
                0x08002678                USART_Init
 .text.USART_Cmd
                0x080027ec       0x40 Libraries\STM32F4xx_StdPeriph_Driver\src\stm32f4xx_usart.o
                0x080027ec                USART_Cmd
 .text.USART_SendData
                0x0800282c       0x24 Libraries\STM32F4xx_StdPeriph_Driver\src\stm32f4xx_usart.o
                0x0800282c                USART_SendData
 .text.USART_ReceiveData
                0x08002850       0x20 Libraries\STM32F4xx_StdPeriph_Driver\src\stm32f4xx_usart.o
                0x08002850                USART_ReceiveData
 .text.USART_ITConfig
                0x08002870       0x90 Libraries\STM32F4xx_StdPeriph_Driver\src\stm32f4xx_usart.o
                0x08002870                USART_ITConfig
 .text.USART_GetFlagStatus
                0x08002900       0x38 Libraries\STM32F4xx_StdPeriph_Driver\src\stm32f4xx_usart.o
                0x08002900                USART_GetFlagStatus
 .text.Audio_MAL_IRQHandler
                0x08002938       0xf8 Utilities\STM32F4-Discovery\stm32f4_discovery_audio_codec.o
 .text.DMA1_Stream7_IRQHandler
                0x08002a30        0xc Utilities\STM32F4-Discovery\stm32f4_discovery_audio_codec.o
                0x08002a30                DMA1_Stream7_IRQHandler
 .text.DMA1_Stream0_IRQHandler
                0x08002a3c        0xc Utilities\STM32F4-Discovery\stm32f4_discovery_audio_codec.o
                0x08002a3c                DMA1_Stream0_IRQHandler
 .text.SPI3_IRQHandler
                0x08002a48       0x44 Utilities\STM32F4-Discovery\stm32f4_discovery_audio_codec.o
                0x08002a48                SPI3_IRQHandler
 .text.main     0x08002a8c      0x164 src\main.o
                0x08002a8c                main
 .text.EVAL_AUDIO_TransferComplete_CallBack
                0x08002bf0       0x18 src\main.o
                0x08002bf0                EVAL_AUDIO_TransferComplete_CallBack
 .text.EVAL_AUDIO_GetSampleCallBack
                0x08002c08       0x14 src\main.o
                0x08002c08                EVAL_AUDIO_GetSampleCallBack
 .text.Reset_Handler
                0x08002c1c       0x50 src\startup_stm32f40xx.o
                0x08002c1c                Reset_Handler
 .text.Default_Handler
                0x08002c6c        0x2 src\startup_stm32f40xx.o
                0x08002c6c                HASH_RNG_IRQHandler
                0x08002c6c                EXTI2_IRQHandler
                0x08002c6c                TIM8_CC_IRQHandler
                0x08002c6c                TIM1_CC_IRQHandler
                0x08002c6c                DMA2_Stream5_IRQHandler
                0x08002c6c                DMA1_Stream5_IRQHandler
                0x08002c6c                PVD_IRQHandler
                0x08002c6c                SDIO_IRQHandler
                0x08002c6c                TAMP_STAMP_IRQHandler
                0x08002c6c                CAN2_RX1_IRQHandler
                0x08002c6c                EXTI3_IRQHandler
                0x08002c6c                TIM8_TRG_COM_TIM14_IRQHandler
                0x08002c6c                TIM1_UP_TIM10_IRQHandler
                0x08002c6c                TIM8_UP_TIM13_IRQHandler
                0x08002c6c                I2C3_ER_IRQHandler
                0x08002c6c                EXTI0_IRQHandler
                0x08002c6c                I2C2_EV_IRQHandler
                0x08002c6c                DMA1_Stream2_IRQHandler
                0x08002c6c                CAN1_RX0_IRQHandler
                0x08002c6c                FPU_IRQHandler
                0x08002c6c                OTG_HS_WKUP_IRQHandler
                0x08002c6c                CAN2_SCE_IRQHandler
                0x08002c6c                DMA2_Stream2_IRQHandler
                0x08002c6c                SPI1_IRQHandler
                0x08002c6c                TIM6_DAC_IRQHandler
                0x08002c6c                TIM1_BRK_TIM9_IRQHandler
                0x08002c6c                DCMI_IRQHandler
                0x08002c6c                CAN2_RX0_IRQHandler
                0x08002c6c                DMA2_Stream3_IRQHandler
                0x08002c6c                USART6_IRQHandler
                0x08002c6c                USART3_IRQHandler
                0x08002c6c                CRYP_IRQHandler
                0x08002c6c                CAN1_RX1_IRQHandler
                0x08002c6c                UART5_IRQHandler
                0x08002c6c                DMA2_Stream0_IRQHandler
                0x08002c6c                TIM4_IRQHandler
                0x08002c6c                I2C1_EV_IRQHandler
                0x08002c6c                DMA1_Stream6_IRQHandler
                0x08002c6c                DMA1_Stream1_IRQHandler
                0x08002c6c                UART4_IRQHandler
                0x08002c6c                TIM3_IRQHandler
                0x08002c6c                RCC_IRQHandler
                0x08002c6c                TIM8_BRK_TIM12_IRQHandler
                0x08002c6c                Default_Handler
                0x08002c6c                EXTI15_10_IRQHandler
                0x08002c6c                ADC_IRQHandler
                0x08002c6c                TIM7_IRQHandler
                0x08002c6c                CAN2_TX_IRQHandler
                0x08002c6c                TIM5_IRQHandler
                0x08002c6c                DMA2_Stream7_IRQHandler
                0x08002c6c                I2C3_EV_IRQHandler
                0x08002c6c                EXTI9_5_IRQHandler
                0x08002c6c                RTC_WKUP_IRQHandler
                0x08002c6c                ETH_WKUP_IRQHandler
                0x08002c6c                SPI2_IRQHandler
                0x08002c6c                OTG_HS_EP1_IN_IRQHandler
                0x08002c6c                CAN1_TX_IRQHandler
                0x08002c6c                EXTI4_IRQHandler
                0x08002c6c                FSMC_IRQHandler
                0x08002c6c                ETH_IRQHandler
                0x08002c6c                OTG_HS_EP1_OUT_IRQHandler
                0x08002c6c                WWDG_IRQHandler
                0x08002c6c                OTG_FS_WKUP_IRQHandler
                0x08002c6c                TIM1_TRG_COM_TIM11_IRQHandler
                0x08002c6c                OTG_HS_IRQHandler
                0x08002c6c                EXTI1_IRQHandler
                0x08002c6c                I2C2_ER_IRQHandler
                0x08002c6c                DMA2_Stream1_IRQHandler
                0x08002c6c                CAN1_SCE_IRQHandler
                0x08002c6c                FLASH_IRQHandler
                0x08002c6c                DMA2_Stream4_IRQHandler
                0x08002c6c                OTG_FS_IRQHandler
                0x08002c6c                DMA1_Stream4_IRQHandler
                0x08002c6c                I2C1_ER_IRQHandler
                0x08002c6c                DMA2_Stream6_IRQHandler
                0x08002c6c                DMA1_Stream3_IRQHandler
 *fill*         0x08002c6e        0x2 
 .text.NMI_Handler
                0x08002c70       0x10 src\stm32f4xx_it.o
                0x08002c70                NMI_Handler
 .text.HardFault_Handler
                0x08002c80        0x8 src\stm32f4xx_it.o
                0x08002c80                HardFault_Handler
 .text.MemManage_Handler
                0x08002c88        0x8 src\stm32f4xx_it.o
                0x08002c88                MemManage_Handler
 .text.BusFault_Handler
                0x08002c90        0x8 src\stm32f4xx_it.o
                0x08002c90                BusFault_Handler
 .text.UsageFault_Handler
                0x08002c98        0x8 src\stm32f4xx_it.o
                0x08002c98                UsageFault_Handler
 .text.SVC_Handler
                0x08002ca0       0x10 src\stm32f4xx_it.o
                0x08002ca0                SVC_Handler
 .text.DebugMon_Handler
                0x08002cb0       0x10 src\stm32f4xx_it.o
                0x08002cb0                DebugMon_Handler
 .text.PendSV_Handler
                0x08002cc0       0x10 src\stm32f4xx_it.o
                0x08002cc0                PendSV_Handler
 .text.SysTick_Handler
                0x08002cd0       0x10 src\stm32f4xx_it.o
                0x08002cd0                SysTick_Handler
 .text.SystemInit
                0x08002ce0       0x6c src\system_stm32f4xx.o
                0x08002ce0                SystemInit
 .text.SetSysClock
                0x08002d4c       0xf8 src\system_stm32f4xx.o
 .text.__libc_init_array
                0x08002e44       0x4c c:/program files (x86)/atollic/truestudio for arm 7.1.1/armtools/bin/../lib/gcc/arm-atollic-eabi/5.3.1/../../../../arm-atollic-eabi/lib/armv7e-m/fpu\libc_nano.a(lib_a-init.o)
                0x08002e44                __libc_init_array
 *(.glue_7)
 .glue_7        0x08002e90        0x0 linker stubs
 *(.glue_7t)
 .glue_7t       0x08002e90        0x0 linker stubs
 *(.eh_frame)
 .eh_frame      0x08002e90        0x0 c:/program files (x86)/atollic/truestudio for arm 7.1.1/armtools/bin/../lib/gcc/arm-atollic-eabi/5.3.1/armv7e-m/fpu/crtbegin.o
 *(.init)
 .init          0x08002e90        0x4 c:/program files (x86)/atollic/truestudio for arm 7.1.1/armtools/bin/../lib/gcc/arm-atollic-eabi/5.3.1/armv7e-m/fpu/crti.o
                0x08002e90                _init
 .init          0x08002e94        0x8 c:/program files (x86)/atollic/truestudio for arm 7.1.1/armtools/bin/../lib/gcc/arm-atollic-eabi/5.3.1/armv7e-m/fpu/crtn.o
 *(.fini)
 .fini          0x08002e9c        0x4 c:/program files (x86)/atollic/truestudio for arm 7.1.1/armtools/bin/../lib/gcc/arm-atollic-eabi/5.3.1/armv7e-m/fpu/crti.o
                0x08002e9c                _fini
 .fini          0x08002ea0        0x8 c:/program files (x86)/atollic/truestudio for arm 7.1.1/armtools/bin/../lib/gcc/arm-atollic-eabi/5.3.1/armv7e-m/fpu/crtn.o
                0x08002ea8                . = ALIGN (0x4)
                0x08002ea8                _etext = .

.vfp11_veneer   0x08002ea8        0x0
 .vfp11_veneer  0x08002ea8        0x0 linker stubs

.v4_bx          0x08002ea8        0x0
 .v4_bx         0x08002ea8        0x0 linker stubs

.iplt           0x08002ea8        0x0
 .iplt          0x08002ea8        0x0 c:/program files (x86)/atollic/truestudio for arm 7.1.1/armtools/bin/../lib/gcc/arm-atollic-eabi/5.3.1/armv7e-m/fpu/crtbegin.o

.rodata         0x08002ea8      0x16c
                0x08002ea8                . = ALIGN (0x4)
 *(.rodata)
 .rodata        0x08002ea8       0x68 Libraries\NPC\Framework\src\NPC_bluetooth.o
 *(.rodata*)
 .rodata._ctype_
                0x08002f10      0x101 c:/program files (x86)/atollic/truestudio for arm 7.1.1/armtools/bin/../lib/gcc/arm-atollic-eabi/5.3.1/../../../../arm-atollic-eabi/lib/armv7e-m/fpu\libc_nano.a(lib_a-ctype_.o)
                0x08002f10                _ctype_
                0x08003014                . = ALIGN (0x4)
 *fill*         0x08003011        0x3 

.rel.dyn        0x08003014        0x0
 .rel.iplt      0x08003014        0x0 c:/program files (x86)/atollic/truestudio for arm 7.1.1/armtools/bin/../lib/gcc/arm-atollic-eabi/5.3.1/armv7e-m/fpu/crtbegin.o

.ARM.extab
 *(.ARM.extab* .gnu.linkonce.armextab.*)

.ARM            0x08003014        0x0
                0x08003014                __exidx_start = .
 *(.ARM.exidx*)
                0x08003014                __exidx_end = .

.preinit_array  0x08003014        0x0
                0x08003014                PROVIDE (__preinit_array_start, .)
 *(.preinit_array*)
                0x08003014                PROVIDE (__preinit_array_end, .)

.init_array     0x08003014        0x4
                0x08003014                PROVIDE (__init_array_start, .)
 *(SORT(.init_array.*))
 *(.init_array*)
 .init_array    0x08003014        0x4 c:/program files (x86)/atollic/truestudio for arm 7.1.1/armtools/bin/../lib/gcc/arm-atollic-eabi/5.3.1/armv7e-m/fpu/crtbegin.o
                0x08003018                PROVIDE (__init_array_end, .)

.fini_array     0x08003018        0x4
                [!provide]                PROVIDE (__fini_array_start, .)
 *(SORT(.fini_array.*))
 *(.fini_array*)
 .fini_array    0x08003018        0x4 c:/program files (x86)/atollic/truestudio for arm 7.1.1/armtools/bin/../lib/gcc/arm-atollic-eabi/5.3.1/armv7e-m/fpu/crtbegin.o
                [!provide]                PROVIDE (__fini_array_end, .)
                0x0800301c                _sidata = LOADADDR (.data)

.data           0x20000000       0x28 load address 0x0800301c
                0x20000000                . = ALIGN (0x4)
                0x20000000                _sdata = .
 *(.data)
 *(.data*)
 .data.brightness
                0x20000000        0x1 Libraries\NPC\Framework\src\NPC_neopixel.o
 *fill*         0x20000001        0x3 
 .data.APBAHBPrescTable
                0x20000004       0x10 Libraries\STM32F4xx_StdPeriph_Driver\src\stm32f4xx_rcc.o
 .data.AudioRemSize
                0x20000014        0x4 Utilities\STM32F4-Discovery\stm32f4_discovery_audio_codec.o
                0x20000014                AudioRemSize
 .data.CurrAudioInterface
                0x20000018        0x4 Utilities\STM32F4-Discovery\stm32f4_discovery_audio_codec.o
                0x20000018                CurrAudioInterface
 .data.AUDIO_MAL_DMA_STREAM
                0x2000001c        0x4 Utilities\STM32F4-Discovery\stm32f4_discovery_audio_codec.o
                0x2000001c                AUDIO_MAL_DMA_STREAM
 .data.AUDIO_MAL_DMA_FLAG_TC
                0x20000020        0x4 Utilities\STM32F4-Discovery\stm32f4_discovery_audio_codec.o
                0x20000020                AUDIO_MAL_DMA_FLAG_TC
 .data.__ctype_ptr__
                0x20000024        0x4 c:/program files (x86)/atollic/truestudio for arm 7.1.1/armtools/bin/../lib/gcc/arm-atollic-eabi/5.3.1/../../../../arm-atollic-eabi/lib/armv7e-m/fpu\libc_nano.a(lib_a-ctype_.o)
                0x20000024                __ctype_ptr__
                0x20000028                . = ALIGN (0x4)
                0x20000028                _edata = .
                0x08003044                _siccmram = LOADADDR (.ccmram)

.igot.plt       0x20000028        0x0 load address 0x08003044
 .igot.plt      0x20000028        0x0 c:/program files (x86)/atollic/truestudio for arm 7.1.1/armtools/bin/../lib/gcc/arm-atollic-eabi/5.3.1/armv7e-m/fpu/crtbegin.o

.ccmram         0x10000000        0x0 load address 0x08003044
                0x10000000                . = ALIGN (0x4)
                0x10000000                _sccmram = .
 *(.ccmram)
 *(.ccmram*)
                0x10000000                . = ALIGN (0x4)
                0x10000000                _eccmram = .
                0x10000000                . = ALIGN (0x4)

.bss            0x20000028      0x3d8
                0x20000028                _sbss = .
                0x20000028                __bss_start__ = _sbss
 *(.bss)
 .bss           0x20000028       0x1c c:/program files (x86)/atollic/truestudio for arm 7.1.1/armtools/bin/../lib/gcc/arm-atollic-eabi/5.3.1/armv7e-m/fpu/crtbegin.o
 *(.bss*)
 .bss.LEDbuffer
                0x20000044      0x314 Libraries\NPC\Framework\src\NPC_neopixel.o
 .bss.index.9190
                0x20000358        0x4 Libraries\NPC\Framework\src\NPC_neopixel.o
 *(COMMON)
 COMMON         0x2000035c       0x24 Libraries\NPC\Framework\src\NPC_clock.o
                0x2000035c                RTC_InitStruct
                0x20000368                RTC_AlarmStruct
                0x20000378                EXTI_InitStruct
 COMMON         0x20000380        0x1 Libraries\NPC\Framework\src\NPC_utils.o
                0x20000380                pixel_color
 *fill*         0x20000381        0x3 
 COMMON         0x20000384       0x7c Utilities\STM32F4-Discovery\stm32f4_discovery_audio_codec.o
                0x20000384                CurrentPos
                0x20000388                AUDIO_MAL_DMA_InitStructure
                0x200003c4                DMA_InitStructure
                0x20000400                . = ALIGN (0x4)
                0x20000400                _ebss = .
                0x20000400                __bss_end__ = _ebss

._user_heap_stack
                0x20000400      0x400
                0x20000400                . = ALIGN (0x4)
                [!provide]                PROVIDE (end, .)
                [!provide]                PROVIDE (_end, .)
                0x20000400                . = (. + _Min_Heap_Size)
                0x20000800                . = (. + _Min_Stack_Size)
 *fill*         0x20000400      0x400 
                0x20000800                . = ALIGN (0x4)

.memory_b1_text
 *(.mb1text)
 *(.mb1text*)
 *(.mb1rodata)
 *(.mb1rodata*)

/DISCARD/
 libc.a(*)
 libm.a(*)
 libgcc.a(*)

.ARM.attributes
                0x00000000       0x30
 *(.ARM.attributes)
 .ARM.attributes
                0x00000000       0x22 c:/program files (x86)/atollic/truestudio for arm 7.1.1/armtools/bin/../lib/gcc/arm-atollic-eabi/5.3.1/armv7e-m/fpu/crti.o
 .ARM.attributes
                0x00000022       0x34 c:/program files (x86)/atollic/truestudio for arm 7.1.1/armtools/bin/../lib/gcc/arm-atollic-eabi/5.3.1/armv7e-m/fpu/crtbegin.o
 .ARM.attributes
                0x00000056       0x39 Libraries\NPC\Framework\src\NPC_bluetooth.o
 .ARM.attributes
                0x0000008f       0x39 Libraries\NPC\Framework\src\NPC_clock.o
 .ARM.attributes
                0x000000c8       0x39 Libraries\NPC\Framework\src\NPC_configuration.o
 .ARM.attributes
                0x00000101       0x39 Libraries\NPC\Framework\src\NPC_eeprom.o
 .ARM.attributes
                0x0000013a       0x39 Libraries\NPC\Framework\src\NPC_neopixel.o
 .ARM.attributes
                0x00000173       0x39 Libraries\NPC\Framework\src\NPC_slave.o
 .ARM.attributes
                0x000001ac       0x39 Libraries\NPC\Framework\src\NPC_temperature.o
 .ARM.attributes
                0x000001e5       0x39 Libraries\NPC\Framework\src\NPC_utils.o
 .ARM.attributes
                0x0000021e       0x39 Libraries\STM32F4xx_StdPeriph_Driver\src\misc.o
 .ARM.attributes
                0x00000257       0x39 Libraries\STM32F4xx_StdPeriph_Driver\src\stm32f4xx_adc.o
 .ARM.attributes
                0x00000290       0x39 Libraries\STM32F4xx_StdPeriph_Driver\src\stm32f4xx_dac.o
 .ARM.attributes
                0x000002c9       0x39 Libraries\STM32F4xx_StdPeriph_Driver\src\stm32f4xx_dma.o
 .ARM.attributes
                0x00000302       0x39 Libraries\STM32F4xx_StdPeriph_Driver\src\stm32f4xx_exti.o
 .ARM.attributes
                0x0000033b       0x39 Libraries\STM32F4xx_StdPeriph_Driver\src\stm32f4xx_gpio.o
 .ARM.attributes
                0x00000374       0x39 Libraries\STM32F4xx_StdPeriph_Driver\src\stm32f4xx_pwr.o
 .ARM.attributes
                0x000003ad       0x39 Libraries\STM32F4xx_StdPeriph_Driver\src\stm32f4xx_rcc.o
 .ARM.attributes
                0x000003e6       0x39 Libraries\STM32F4xx_StdPeriph_Driver\src\stm32f4xx_rtc.o
 .ARM.attributes
                0x0000041f       0x39 Libraries\STM32F4xx_StdPeriph_Driver\src\stm32f4xx_spi.o
 .ARM.attributes
                0x00000458       0x39 Libraries\STM32F4xx_StdPeriph_Driver\src\stm32f4xx_tim.o
 .ARM.attributes
                0x00000491       0x39 Libraries\STM32F4xx_StdPeriph_Driver\src\stm32f4xx_usart.o
 .ARM.attributes
                0x000004ca       0x39 Utilities\STM32F4-Discovery\stm32f4_discovery_audio_codec.o
 .ARM.attributes
                0x00000503       0x39 src\main.o
 .ARM.attributes
                0x0000053c       0x21 src\startup_stm32f40xx.o
 .ARM.attributes
                0x0000055d       0x39 src\stm32f4xx_it.o
 .ARM.attributes
                0x00000596       0x39 src\system_stm32f4xx.o
 .ARM.attributes
                0x000005cf       0x34 c:/program files (x86)/atollic/truestudio for arm 7.1.1/armtools/bin/../lib/gcc/arm-atollic-eabi/5.3.1/../../../../arm-atollic-eabi/lib/armv7e-m/fpu\libc_nano.a(lib_a-ctype_.o)
 .ARM.attributes
                0x00000603       0x34 c:/program files (x86)/atollic/truestudio for arm 7.1.1/armtools/bin/../lib/gcc/arm-atollic-eabi/5.3.1/../../../../arm-atollic-eabi/lib/armv7e-m/fpu\libc_nano.a(lib_a-init.o)
 .ARM.attributes
                0x00000637       0x1b c:/program files (x86)/atollic/truestudio for arm 7.1.1/armtools/bin/../lib/gcc/arm-atollic-eabi/5.3.1/../../../../arm-atollic-eabi/lib/armv7e-m/fpu\libc_nano.a(lib_a-strlen.o)
 .ARM.attributes
                0x00000652       0x22 c:/program files (x86)/atollic/truestudio for arm 7.1.1/armtools/bin/../lib/gcc/arm-atollic-eabi/5.3.1/armv7e-m/fpu\libgcc.a(_arm_addsubdf3.o)
 .ARM.attributes
                0x00000674       0x22 c:/program files (x86)/atollic/truestudio for arm 7.1.1/armtools/bin/../lib/gcc/arm-atollic-eabi/5.3.1/armv7e-m/fpu\libgcc.a(_arm_muldivdf3.o)
 .ARM.attributes
                0x00000696       0x22 c:/program files (x86)/atollic/truestudio for arm 7.1.1/armtools/bin/../lib/gcc/arm-atollic-eabi/5.3.1/armv7e-m/fpu\libgcc.a(_arm_fixdfsi.o)
 .ARM.attributes
                0x000006b8       0x22 c:/program files (x86)/atollic/truestudio for arm 7.1.1/armtools/bin/../lib/gcc/arm-atollic-eabi/5.3.1/armv7e-m/fpu/crtn.o
OUTPUT(NeoPixelClock_Software_Master.elf elf32-littlearm)

.debug_info     0x00000000     0xc876
 .debug_info    0x00000000      0x7a5 Libraries\NPC\Framework\src\NPC_bluetooth.o
 .debug_info    0x000007a5      0x93b Libraries\NPC\Framework\src\NPC_clock.o
 .debug_info    0x000010e0       0xca Libraries\NPC\Framework\src\NPC_configuration.o
 .debug_info    0x000011aa      0x726 Libraries\NPC\Framework\src\NPC_eeprom.o
 .debug_info    0x000018d0      0xbeb Libraries\NPC\Framework\src\NPC_neopixel.o
 .debug_info    0x000024bb      0x73a Libraries\NPC\Framework\src\NPC_slave.o
 .debug_info    0x00002bf5      0x4e1 Libraries\NPC\Framework\src\NPC_temperature.o
 .debug_info    0x000030d6      0x15a Libraries\NPC\Framework\src\NPC_utils.o
 .debug_info    0x00003230      0x55a Libraries\STM32F4xx_StdPeriph_Driver\src\misc.o
 .debug_info    0x0000378a      0xc44 Libraries\STM32F4xx_StdPeriph_Driver\src\stm32f4xx_adc.o
 .debug_info    0x000043ce      0x649 Libraries\STM32F4xx_StdPeriph_Driver\src\stm32f4xx_dac.o
 .debug_info    0x00004a17      0x745 Libraries\STM32F4xx_StdPeriph_Driver\src\stm32f4xx_dma.o
 .debug_info    0x0000515c      0x35b Libraries\STM32F4xx_StdPeriph_Driver\src\stm32f4xx_exti.o
 .debug_info    0x000054b7      0x621 Libraries\STM32F4xx_StdPeriph_Driver\src\stm32f4xx_gpio.o
 .debug_info    0x00005ad8      0x516 Libraries\STM32F4xx_StdPeriph_Driver\src\stm32f4xx_pwr.o
 .debug_info    0x00005fee      0xc8d Libraries\STM32F4xx_StdPeriph_Driver\src\stm32f4xx_rcc.o
 .debug_info    0x00006c7b     0x10ef Libraries\STM32F4xx_StdPeriph_Driver\src\stm32f4xx_rtc.o
 .debug_info    0x00007d6a      0xb13 Libraries\STM32F4xx_StdPeriph_Driver\src\stm32f4xx_spi.o
 .debug_info    0x0000887d     0x1c6d Libraries\STM32F4xx_StdPeriph_Driver\src\stm32f4xx_tim.o
 .debug_info    0x0000a4ea      0x9ce Libraries\STM32F4xx_StdPeriph_Driver\src\stm32f4xx_usart.o
 .debug_info    0x0000aeb8     0x109e Utilities\STM32F4-Discovery\stm32f4_discovery_audio_codec.o
 .debug_info    0x0000bf56      0x194 src\main.o
 .debug_info    0x0000c0ea       0x83 src\startup_stm32f40xx.o
 .debug_info    0x0000c16d      0x133 src\stm32f4xx_it.o
 .debug_info    0x0000c2a0      0x5d6 src\system_stm32f4xx.o

.debug_abbrev   0x00000000     0x228c
 .debug_abbrev  0x00000000      0x195 Libraries\NPC\Framework\src\NPC_bluetooth.o
 .debug_abbrev  0x00000195      0x1aa Libraries\NPC\Framework\src\NPC_clock.o
 .debug_abbrev  0x0000033f       0x7f Libraries\NPC\Framework\src\NPC_configuration.o
 .debug_abbrev  0x000003be      0x1cc Libraries\NPC\Framework\src\NPC_eeprom.o
 .debug_abbrev  0x0000058a      0x1ef Libraries\NPC\Framework\src\NPC_neopixel.o
 .debug_abbrev  0x00000779      0x186 Libraries\NPC\Framework\src\NPC_slave.o
 .debug_abbrev  0x000008ff      0x14f Libraries\NPC\Framework\src\NPC_temperature.o
 .debug_abbrev  0x00000a4e       0xc3 Libraries\NPC\Framework\src\NPC_utils.o
 .debug_abbrev  0x00000b11      0x149 Libraries\STM32F4xx_StdPeriph_Driver\src\misc.o
 .debug_abbrev  0x00000c5a      0x19a Libraries\STM32F4xx_StdPeriph_Driver\src\stm32f4xx_adc.o
 .debug_abbrev  0x00000df4      0x180 Libraries\STM32F4xx_StdPeriph_Driver\src\stm32f4xx_dac.o
 .debug_abbrev  0x00000f74      0x159 Libraries\STM32F4xx_StdPeriph_Driver\src\stm32f4xx_dma.o
 .debug_abbrev  0x000010cd      0x1ab Libraries\STM32F4xx_StdPeriph_Driver\src\stm32f4xx_exti.o
 .debug_abbrev  0x00001278      0x1a9 Libraries\STM32F4xx_StdPeriph_Driver\src\stm32f4xx_gpio.o
 .debug_abbrev  0x00001421      0x183 Libraries\STM32F4xx_StdPeriph_Driver\src\stm32f4xx_pwr.o
 .debug_abbrev  0x000015a4      0x1e7 Libraries\STM32F4xx_StdPeriph_Driver\src\stm32f4xx_rcc.o
 .debug_abbrev  0x0000178b      0x1b2 Libraries\STM32F4xx_StdPeriph_Driver\src\stm32f4xx_rtc.o
 .debug_abbrev  0x0000193d      0x16b Libraries\STM32F4xx_StdPeriph_Driver\src\stm32f4xx_spi.o
 .debug_abbrev  0x00001aa8      0x18b Libraries\STM32F4xx_StdPeriph_Driver\src\stm32f4xx_tim.o
 .debug_abbrev  0x00001c33      0x159 Libraries\STM32F4xx_StdPeriph_Driver\src\stm32f4xx_usart.o
 .debug_abbrev  0x00001d8c      0x267 Utilities\STM32F4-Discovery\stm32f4_discovery_audio_codec.o
 .debug_abbrev  0x00001ff3       0xe6 src\main.o
 .debug_abbrev  0x000020d9       0x12 src\startup_stm32f40xx.o
 .debug_abbrev  0x000020eb       0x67 src\stm32f4xx_it.o
 .debug_abbrev  0x00002152      0x13a src\system_stm32f4xx.o

.debug_aranges  0x00000000     0x10b0
 .debug_aranges
                0x00000000       0x38 Libraries\NPC\Framework\src\NPC_bluetooth.o
 .debug_aranges
                0x00000038       0x60 Libraries\NPC\Framework\src\NPC_clock.o
 .debug_aranges
                0x00000098       0x28 Libraries\NPC\Framework\src\NPC_configuration.o
 .debug_aranges
                0x000000c0       0x60 Libraries\NPC\Framework\src\NPC_eeprom.o
 .debug_aranges
                0x00000120       0x80 Libraries\NPC\Framework\src\NPC_neopixel.o
 .debug_aranges
                0x000001a0       0x38 Libraries\NPC\Framework\src\NPC_slave.o
 .debug_aranges
                0x000001d8       0x30 Libraries\NPC\Framework\src\NPC_temperature.o
 .debug_aranges
                0x00000208       0x28 Libraries\NPC\Framework\src\NPC_utils.o
 .debug_aranges
                0x00000230       0x40 Libraries\STM32F4xx_StdPeriph_Driver\src\misc.o
 .debug_aranges
                0x00000270      0x148 Libraries\STM32F4xx_StdPeriph_Driver\src\stm32f4xx_adc.o
 .debug_aranges
                0x000003b8       0xa0 Libraries\STM32F4xx_StdPeriph_Driver\src\stm32f4xx_dac.o
 .debug_aranges
                0x00000458       0xb0 Libraries\STM32F4xx_StdPeriph_Driver\src\stm32f4xx_dma.o
 .debug_aranges
                0x00000508       0x58 Libraries\STM32F4xx_StdPeriph_Driver\src\stm32f4xx_exti.o
 .debug_aranges
                0x00000560       0x88 Libraries\STM32F4xx_StdPeriph_Driver\src\stm32f4xx_gpio.o
 .debug_aranges
                0x000005e8       0x78 Libraries\STM32F4xx_StdPeriph_Driver\src\stm32f4xx_pwr.o
 .debug_aranges
                0x00000660      0x180 Libraries\STM32F4xx_StdPeriph_Driver\src\stm32f4xx_rcc.o
 .debug_aranges
                0x000007e0      0x1e0 Libraries\STM32F4xx_StdPeriph_Driver\src\stm32f4xx_rtc.o
 .debug_aranges
                0x000009c0       0xe0 Libraries\STM32F4xx_StdPeriph_Driver\src\stm32f4xx_spi.o
 .debug_aranges
                0x00000aa0      0x2f8 Libraries\STM32F4xx_StdPeriph_Driver\src\stm32f4xx_tim.o
 .debug_aranges
                0x00000d98      0x100 Libraries\STM32F4xx_StdPeriph_Driver\src\stm32f4xx_usart.o
 .debug_aranges
                0x00000e98      0x130 Utilities\STM32F4-Discovery\stm32f4_discovery_audio_codec.o
 .debug_aranges
                0x00000fc8       0x30 src\main.o
 .debug_aranges
                0x00000ff8       0x28 src\startup_stm32f40xx.o
 .debug_aranges
                0x00001020       0x60 src\stm32f4xx_it.o
 .debug_aranges
                0x00001080       0x30 src\system_stm32f4xx.o

.debug_ranges   0x00000000      0xf28
 .debug_ranges  0x00000000       0x28 Libraries\NPC\Framework\src\NPC_bluetooth.o
 .debug_ranges  0x00000028       0x50 Libraries\NPC\Framework\src\NPC_clock.o
 .debug_ranges  0x00000078       0x18 Libraries\NPC\Framework\src\NPC_configuration.o
 .debug_ranges  0x00000090       0x50 Libraries\NPC\Framework\src\NPC_eeprom.o
 .debug_ranges  0x000000e0       0x70 Libraries\NPC\Framework\src\NPC_neopixel.o
 .debug_ranges  0x00000150       0x28 Libraries\NPC\Framework\src\NPC_slave.o
 .debug_ranges  0x00000178       0x20 Libraries\NPC\Framework\src\NPC_temperature.o
 .debug_ranges  0x00000198       0x18 Libraries\NPC\Framework\src\NPC_utils.o
 .debug_ranges  0x000001b0       0x30 Libraries\STM32F4xx_StdPeriph_Driver\src\misc.o
 .debug_ranges  0x000001e0      0x138 Libraries\STM32F4xx_StdPeriph_Driver\src\stm32f4xx_adc.o
 .debug_ranges  0x00000318       0x90 Libraries\STM32F4xx_StdPeriph_Driver\src\stm32f4xx_dac.o
 .debug_ranges  0x000003a8       0xa0 Libraries\STM32F4xx_StdPeriph_Driver\src\stm32f4xx_dma.o
 .debug_ranges  0x00000448       0x48 Libraries\STM32F4xx_StdPeriph_Driver\src\stm32f4xx_exti.o
 .debug_ranges  0x00000490       0x78 Libraries\STM32F4xx_StdPeriph_Driver\src\stm32f4xx_gpio.o
 .debug_ranges  0x00000508       0x68 Libraries\STM32F4xx_StdPeriph_Driver\src\stm32f4xx_pwr.o
 .debug_ranges  0x00000570      0x170 Libraries\STM32F4xx_StdPeriph_Driver\src\stm32f4xx_rcc.o
 .debug_ranges  0x000006e0      0x1d0 Libraries\STM32F4xx_StdPeriph_Driver\src\stm32f4xx_rtc.o
 .debug_ranges  0x000008b0       0xd0 Libraries\STM32F4xx_StdPeriph_Driver\src\stm32f4xx_spi.o
 .debug_ranges  0x00000980      0x2e8 Libraries\STM32F4xx_StdPeriph_Driver\src\stm32f4xx_tim.o
 .debug_ranges  0x00000c68       0xf0 Libraries\STM32F4xx_StdPeriph_Driver\src\stm32f4xx_usart.o
 .debug_ranges  0x00000d58      0x120 Utilities\STM32F4-Discovery\stm32f4_discovery_audio_codec.o
 .debug_ranges  0x00000e78       0x20 src\main.o
 .debug_ranges  0x00000e98       0x20 src\startup_stm32f40xx.o
 .debug_ranges  0x00000eb8       0x50 src\stm32f4xx_it.o
 .debug_ranges  0x00000f08       0x20 src\system_stm32f4xx.o

.debug_line     0x00000000     0x5c46
 .debug_line    0x00000000      0x346 Libraries\NPC\Framework\src\NPC_bluetooth.o
 .debug_line    0x00000346      0x2ce Libraries\NPC\Framework\src\NPC_clock.o
 .debug_line    0x00000614      0x186 Libraries\NPC\Framework\src\NPC_configuration.o
 .debug_line    0x0000079a      0x449 Libraries\NPC\Framework\src\NPC_eeprom.o
 .debug_line    0x00000be3      0x3e5 Libraries\NPC\Framework\src\NPC_neopixel.o
 .debug_line    0x00000fc8      0x25a Libraries\NPC\Framework\src\NPC_slave.o
 .debug_line    0x00001222      0x234 Libraries\NPC\Framework\src\NPC_temperature.o
 .debug_line    0x00001456      0x195 Libraries\NPC\Framework\src\NPC_utils.o
 .debug_line    0x000015eb      0x239 Libraries\STM32F4xx_StdPeriph_Driver\src\misc.o
 .debug_line    0x00001824      0x558 Libraries\STM32F4xx_StdPeriph_Driver\src\stm32f4xx_adc.o
 .debug_line    0x00001d7c      0x34d Libraries\STM32F4xx_StdPeriph_Driver\src\stm32f4xx_dac.o
 .debug_line    0x000020c9      0x425 Libraries\STM32F4xx_StdPeriph_Driver\src\stm32f4xx_dma.o
 .debug_line    0x000024ee      0x29c Libraries\STM32F4xx_StdPeriph_Driver\src\stm32f4xx_exti.o
 .debug_line    0x0000278a      0x35b Libraries\STM32F4xx_StdPeriph_Driver\src\stm32f4xx_gpio.o
 .debug_line    0x00002ae5      0x2b4 Libraries\STM32F4xx_StdPeriph_Driver\src\stm32f4xx_pwr.o
 .debug_line    0x00002d99      0x5b3 Libraries\STM32F4xx_StdPeriph_Driver\src\stm32f4xx_rcc.o
 .debug_line    0x0000334c      0x820 Libraries\STM32F4xx_StdPeriph_Driver\src\stm32f4xx_rtc.o
 .debug_line    0x00003b6c      0x46b Libraries\STM32F4xx_StdPeriph_Driver\src\stm32f4xx_spi.o
 .debug_line    0x00003fd7      0xabc Libraries\STM32F4xx_StdPeriph_Driver\src\stm32f4xx_tim.o
 .debug_line    0x00004a93      0x4c5 Libraries\STM32F4xx_StdPeriph_Driver\src\stm32f4xx_usart.o
 .debug_line    0x00004f58      0x6c7 Utilities\STM32F4-Discovery\stm32f4_discovery_audio_codec.o
 .debug_line    0x0000561f      0x1c7 src\main.o
 .debug_line    0x000057e6       0x7a src\startup_stm32f40xx.o
 .debug_line    0x00005860      0x1e7 src\stm32f4xx_it.o
 .debug_line    0x00005a47      0x1ff src\system_stm32f4xx.o

.debug_str      0x00000000     0x4ae1
 .debug_str     0x00000000      0xa60 Libraries\NPC\Framework\src\NPC_bluetooth.o
                                0xac6 (size before relaxing)
 .debug_str     0x00000a60      0x363 Libraries\NPC\Framework\src\NPC_clock.o
                                0xb49 (size before relaxing)
 .debug_str     0x00000dc3       0x4a Libraries\NPC\Framework\src\NPC_configuration.o
                                0x212 (size before relaxing)
 .debug_str     0x00000e0d      0x1b3 Libraries\NPC\Framework\src\NPC_eeprom.o
                                0x5c2 (size before relaxing)
 .debug_str     0x00000fc0      0x327 Libraries\NPC\Framework\src\NPC_neopixel.o
                                0xcce (size before relaxing)
 .debug_str     0x000012e7       0x61 Libraries\NPC\Framework\src\NPC_slave.o
                                0xa90 (size before relaxing)
 .debug_str     0x00001348      0x174 Libraries\NPC\Framework\src\NPC_temperature.o
                                0x530 (size before relaxing)
 .debug_str     0x000014bc       0x3e Libraries\NPC\Framework\src\NPC_utils.o
                                0x240 (size before relaxing)
 .debug_str     0x000014fa      0x19a Libraries\STM32F4xx_StdPeriph_Driver\src\misc.o
                                0x450 (size before relaxing)
 .debug_str     0x00001694      0x547 Libraries\STM32F4xx_StdPeriph_Driver\src\stm32f4xx_adc.o
                                0x886 (size before relaxing)
 .debug_str     0x00001bdb      0x271 Libraries\STM32F4xx_StdPeriph_Driver\src\stm32f4xx_dac.o
                                0x4d5 (size before relaxing)
 .debug_str     0x00001e4c      0x37d Libraries\STM32F4xx_StdPeriph_Driver\src\stm32f4xx_dma.o
                                0x5c4 (size before relaxing)
 .debug_str     0x000021c9       0xe3 Libraries\STM32F4xx_StdPeriph_Driver\src\stm32f4xx_exti.o
                                0x3db (size before relaxing)
 .debug_str     0x000022ac      0x170 Libraries\STM32F4xx_StdPeriph_Driver\src\stm32f4xx_gpio.o
                                0x525 (size before relaxing)
 .debug_str     0x0000241c      0x17a Libraries\STM32F4xx_StdPeriph_Driver\src\stm32f4xx_pwr.o
                                0x3ff (size before relaxing)
 .debug_str     0x00002596      0x637 Libraries\STM32F4xx_StdPeriph_Driver\src\stm32f4xx_rcc.o
                                0x8fb (size before relaxing)
 .debug_str     0x00002bcd      0x81d Libraries\STM32F4xx_StdPeriph_Driver\src\stm32f4xx_rtc.o
                                0xbca (size before relaxing)
 .debug_str     0x000033ea      0x2e3 Libraries\STM32F4xx_StdPeriph_Driver\src\stm32f4xx_spi.o
                                0x70c (size before relaxing)
 .debug_str     0x000036cd      0x9f1 Libraries\STM32F4xx_StdPeriph_Driver\src\stm32f4xx_tim.o
                                0xe52 (size before relaxing)
 .debug_str     0x000040be      0x39d Libraries\STM32F4xx_StdPeriph_Driver\src\stm32f4xx_usart.o
                                0x711 (size before relaxing)
 .debug_str     0x0000445b      0x4f8 Utilities\STM32F4-Discovery\stm32f4_discovery_audio_codec.o
                               0x10f5 (size before relaxing)
 .debug_str     0x00004953       0x55 src\main.o
                                0x27b (size before relaxing)
 .debug_str     0x000049a8       0xa6 src\stm32f4xx_it.o
                                0x25d (size before relaxing)
 .debug_str     0x00004a4e       0x93 src\system_stm32f4xx.o
                                0x414 (size before relaxing)

.comment        0x00000000       0x7e
 .comment       0x00000000       0x7e Libraries\NPC\Framework\src\NPC_bluetooth.o
                                 0x7f (size before relaxing)
 .comment       0x0000007e       0x7f Libraries\NPC\Framework\src\NPC_clock.o
 .comment       0x0000007e       0x7f Libraries\NPC\Framework\src\NPC_configuration.o
 .comment       0x0000007e       0x7f Libraries\NPC\Framework\src\NPC_eeprom.o
 .comment       0x0000007e       0x7f Libraries\NPC\Framework\src\NPC_neopixel.o
 .comment       0x0000007e       0x7f Libraries\NPC\Framework\src\NPC_slave.o
 .comment       0x0000007e       0x7f Libraries\NPC\Framework\src\NPC_temperature.o
 .comment       0x0000007e       0x7f Libraries\NPC\Framework\src\NPC_utils.o
 .comment       0x0000007e       0x7f Libraries\STM32F4xx_StdPeriph_Driver\src\misc.o
 .comment       0x0000007e       0x7f Libraries\STM32F4xx_StdPeriph_Driver\src\stm32f4xx_adc.o
 .comment       0x0000007e       0x7f Libraries\STM32F4xx_StdPeriph_Driver\src\stm32f4xx_dac.o
 .comment       0x0000007e       0x7f Libraries\STM32F4xx_StdPeriph_Driver\src\stm32f4xx_dma.o
 .comment       0x0000007e       0x7f Libraries\STM32F4xx_StdPeriph_Driver\src\stm32f4xx_exti.o
 .comment       0x0000007e       0x7f Libraries\STM32F4xx_StdPeriph_Driver\src\stm32f4xx_gpio.o
 .comment       0x0000007e       0x7f Libraries\STM32F4xx_StdPeriph_Driver\src\stm32f4xx_pwr.o
 .comment       0x0000007e       0x7f Libraries\STM32F4xx_StdPeriph_Driver\src\stm32f4xx_rcc.o
 .comment       0x0000007e       0x7f Libraries\STM32F4xx_StdPeriph_Driver\src\stm32f4xx_rtc.o
 .comment       0x0000007e       0x7f Libraries\STM32F4xx_StdPeriph_Driver\src\stm32f4xx_spi.o
 .comment       0x0000007e       0x7f Libraries\STM32F4xx_StdPeriph_Driver\src\stm32f4xx_tim.o
 .comment       0x0000007e       0x7f Libraries\STM32F4xx_StdPeriph_Driver\src\stm32f4xx_usart.o
 .comment       0x0000007e       0x7f Utilities\STM32F4-Discovery\stm32f4_discovery_audio_codec.o
 .comment       0x0000007e       0x7f src\main.o
 .comment       0x0000007e       0x7f src\stm32f4xx_it.o
 .comment       0x0000007e       0x7f src\system_stm32f4xx.o

.debug_frame    0x00000000     0x4634
 .debug_frame   0x00000000       0x9c Libraries\NPC\Framework\src\NPC_bluetooth.o
 .debug_frame   0x0000009c      0x15c Libraries\NPC\Framework\src\NPC_clock.o
 .debug_frame   0x000001f8       0x44 Libraries\NPC\Framework\src\NPC_configuration.o
 .debug_frame   0x0000023c      0x158 Libraries\NPC\Framework\src\NPC_eeprom.o
 .debug_frame   0x00000394      0x1f0 Libraries\NPC\Framework\src\NPC_neopixel.o
 .debug_frame   0x00000584       0x90 Libraries\NPC\Framework\src\NPC_slave.o
 .debug_frame   0x00000614       0x78 Libraries\NPC\Framework\src\NPC_temperature.o
 .debug_frame   0x0000068c       0x60 Libraries\NPC\Framework\src\NPC_utils.o
 .debug_frame   0x000006ec       0xd8 Libraries\STM32F4xx_StdPeriph_Driver\src\misc.o
 .debug_frame   0x000007c4      0x5ec Libraries\STM32F4xx_StdPeriph_Driver\src\stm32f4xx_adc.o
 .debug_frame   0x00000db0      0x2ac Libraries\STM32F4xx_StdPeriph_Driver\src\stm32f4xx_dac.o
 .debug_frame   0x0000105c      0x308 Libraries\STM32F4xx_StdPeriph_Driver\src\stm32f4xx_dma.o
 .debug_frame   0x00001364      0x148 Libraries\STM32F4xx_StdPeriph_Driver\src\stm32f4xx_exti.o
 .debug_frame   0x000014ac      0x23c Libraries\STM32F4xx_StdPeriph_Driver\src\stm32f4xx_gpio.o
 .debug_frame   0x000016e8      0x1dc Libraries\STM32F4xx_StdPeriph_Driver\src\stm32f4xx_pwr.o
 .debug_frame   0x000018c4      0x6fc Libraries\STM32F4xx_StdPeriph_Driver\src\stm32f4xx_rcc.o
 .debug_frame   0x00001fc0      0x8b0 Libraries\STM32F4xx_StdPeriph_Driver\src\stm32f4xx_rtc.o
 .debug_frame   0x00002870      0x3f4 Libraries\STM32F4xx_StdPeriph_Driver\src\stm32f4xx_spi.o
 .debug_frame   0x00002c64      0xe54 Libraries\STM32F4xx_StdPeriph_Driver\src\stm32f4xx_tim.o
 .debug_frame   0x00003ab8      0x490 Libraries\STM32F4xx_StdPeriph_Driver\src\stm32f4xx_usart.o
 .debug_frame   0x00003f48      0x4bc Utilities\STM32F4-Discovery\stm32f4_discovery_audio_codec.o
 .debug_frame   0x00004404       0x78 src\main.o
 .debug_frame   0x0000447c      0x110 src\stm32f4xx_it.o
 .debug_frame   0x0000458c       0x7c src\system_stm32f4xx.o
 .debug_frame   0x00004608       0x2c c:/program files (x86)/atollic/truestudio for arm 7.1.1/armtools/bin/../lib/gcc/arm-atollic-eabi/5.3.1/../../../../arm-atollic-eabi/lib/armv7e-m/fpu\libc_nano.a(lib_a-init.o)

.stabstr        0x00000000       0x3f
 .stabstr       0x00000000       0x3f c:/program files (x86)/atollic/truestudio for arm 7.1.1/armtools/bin/../lib/gcc/arm-atollic-eabi/5.3.1/../../../../arm-atollic-eabi/lib/armv7e-m/fpu\libnosys.a(write.o)

Cross Reference Table

Symbol                                            File
ADC_AnalogWatchdogCmd                             Libraries\STM32F4xx_StdPeriph_Driver\src\stm32f4xx_adc.o
ADC_AnalogWatchdogSingleChannelConfig             Libraries\STM32F4xx_StdPeriph_Driver\src\stm32f4xx_adc.o
ADC_AnalogWatchdogThresholdsConfig                Libraries\STM32F4xx_StdPeriph_Driver\src\stm32f4xx_adc.o
ADC_AutoInjectedConvCmd                           Libraries\STM32F4xx_StdPeriph_Driver\src\stm32f4xx_adc.o
ADC_ClearFlag                                     Libraries\STM32F4xx_StdPeriph_Driver\src\stm32f4xx_adc.o
ADC_ClearITPendingBit                             Libraries\STM32F4xx_StdPeriph_Driver\src\stm32f4xx_adc.o
ADC_Cmd                                           Libraries\STM32F4xx_StdPeriph_Driver\src\stm32f4xx_adc.o
                                                  Libraries\NPC\Framework\src\NPC_temperature.o
ADC_CommonInit                                    Libraries\STM32F4xx_StdPeriph_Driver\src\stm32f4xx_adc.o
ADC_CommonStructInit                              Libraries\STM32F4xx_StdPeriph_Driver\src\stm32f4xx_adc.o
ADC_ContinuousModeCmd                             Libraries\STM32F4xx_StdPeriph_Driver\src\stm32f4xx_adc.o
ADC_DMACmd                                        Libraries\STM32F4xx_StdPeriph_Driver\src\stm32f4xx_adc.o
ADC_DMARequestAfterLastTransferCmd                Libraries\STM32F4xx_StdPeriph_Driver\src\stm32f4xx_adc.o
ADC_DeInit                                        Libraries\STM32F4xx_StdPeriph_Driver\src\stm32f4xx_adc.o
                                                  Libraries\NPC\Framework\src\NPC_temperature.o
ADC_DiscModeChannelCountConfig                    Libraries\STM32F4xx_StdPeriph_Driver\src\stm32f4xx_adc.o
ADC_DiscModeCmd                                   Libraries\STM32F4xx_StdPeriph_Driver\src\stm32f4xx_adc.o
ADC_EOCOnEachRegularChannelCmd                    Libraries\STM32F4xx_StdPeriph_Driver\src\stm32f4xx_adc.o
ADC_ExternalTrigInjectedConvConfig                Libraries\STM32F4xx_StdPeriph_Driver\src\stm32f4xx_adc.o
ADC_ExternalTrigInjectedConvEdgeConfig            Libraries\STM32F4xx_StdPeriph_Driver\src\stm32f4xx_adc.o
ADC_GetConversionValue                            Libraries\STM32F4xx_StdPeriph_Driver\src\stm32f4xx_adc.o
                                                  Libraries\NPC\Framework\src\NPC_temperature.o
ADC_GetFlagStatus                                 Libraries\STM32F4xx_StdPeriph_Driver\src\stm32f4xx_adc.o
                                                  Libraries\NPC\Framework\src\NPC_temperature.o
ADC_GetITStatus                                   Libraries\STM32F4xx_StdPeriph_Driver\src\stm32f4xx_adc.o
ADC_GetInjectedConversionValue                    Libraries\STM32F4xx_StdPeriph_Driver\src\stm32f4xx_adc.o
ADC_GetMultiModeConversionValue                   Libraries\STM32F4xx_StdPeriph_Driver\src\stm32f4xx_adc.o
ADC_GetSoftwareStartConvStatus                    Libraries\STM32F4xx_StdPeriph_Driver\src\stm32f4xx_adc.o
ADC_GetSoftwareStartInjectedConvCmdStatus         Libraries\STM32F4xx_StdPeriph_Driver\src\stm32f4xx_adc.o
ADC_IRQHandler                                    src\startup_stm32f40xx.o
ADC_ITConfig                                      Libraries\STM32F4xx_StdPeriph_Driver\src\stm32f4xx_adc.o
ADC_Init                                          Libraries\STM32F4xx_StdPeriph_Driver\src\stm32f4xx_adc.o
                                                  Libraries\NPC\Framework\src\NPC_temperature.o
ADC_InjectedChannelConfig                         Libraries\STM32F4xx_StdPeriph_Driver\src\stm32f4xx_adc.o
ADC_InjectedDiscModeCmd                           Libraries\STM32F4xx_StdPeriph_Driver\src\stm32f4xx_adc.o
ADC_InjectedSequencerLengthConfig                 Libraries\STM32F4xx_StdPeriph_Driver\src\stm32f4xx_adc.o
ADC_MultiModeDMARequestAfterLastTransferCmd       Libraries\STM32F4xx_StdPeriph_Driver\src\stm32f4xx_adc.o
ADC_RegularChannelConfig                          Libraries\STM32F4xx_StdPeriph_Driver\src\stm32f4xx_adc.o
                                                  Libraries\NPC\Framework\src\NPC_temperature.o
ADC_SetInjectedOffset                             Libraries\STM32F4xx_StdPeriph_Driver\src\stm32f4xx_adc.o
ADC_SoftwareStartConv                             Libraries\STM32F4xx_StdPeriph_Driver\src\stm32f4xx_adc.o
                                                  Libraries\NPC\Framework\src\NPC_temperature.o
ADC_SoftwareStartInjectedConv                     Libraries\STM32F4xx_StdPeriph_Driver\src\stm32f4xx_adc.o
ADC_StructInit                                    Libraries\STM32F4xx_StdPeriph_Driver\src\stm32f4xx_adc.o
ADC_TempSensorVrefintCmd                          Libraries\STM32F4xx_StdPeriph_Driver\src\stm32f4xx_adc.o
ADC_VBATCmd                                       Libraries\STM32F4xx_StdPeriph_Driver\src\stm32f4xx_adc.o
AHBPrescTable                                     src\system_stm32f4xx.o
AUDIO_MAL_DMA_CHANNEL                             Utilities\STM32F4-Discovery\stm32f4_discovery_audio_codec.o
AUDIO_MAL_DMA_CLOCK                               Utilities\STM32F4-Discovery\stm32f4_discovery_audio_codec.o
AUDIO_MAL_DMA_DREG                                Utilities\STM32F4-Discovery\stm32f4_discovery_audio_codec.o
AUDIO_MAL_DMA_FLAG_DME                            Utilities\STM32F4-Discovery\stm32f4_discovery_audio_codec.o
AUDIO_MAL_DMA_FLAG_FE                             Utilities\STM32F4-Discovery\stm32f4_discovery_audio_codec.o
AUDIO_MAL_DMA_FLAG_HT                             Utilities\STM32F4-Discovery\stm32f4_discovery_audio_codec.o
AUDIO_MAL_DMA_FLAG_TC                             Utilities\STM32F4-Discovery\stm32f4_discovery_audio_codec.o
AUDIO_MAL_DMA_FLAG_TE                             Utilities\STM32F4-Discovery\stm32f4_discovery_audio_codec.o
AUDIO_MAL_DMA_IRQ                                 Utilities\STM32F4-Discovery\stm32f4_discovery_audio_codec.o
AUDIO_MAL_DMA_InitStructure                       Utilities\STM32F4-Discovery\stm32f4_discovery_audio_codec.o
AUDIO_MAL_DMA_STREAM                              Utilities\STM32F4-Discovery\stm32f4_discovery_audio_codec.o
AudioRemSize                                      Utilities\STM32F4-Discovery\stm32f4_discovery_audio_codec.o
AudioTotalSize                                    Utilities\STM32F4-Discovery\stm32f4_discovery_audio_codec.o
Audio_MAL_Play                                    Utilities\STM32F4-Discovery\stm32f4_discovery_audio_codec.o
BUTTON_CLK                                        Utilities\STM32F4-Discovery\stm32f4_discovery.o
BUTTON_EXTI_LINE                                  Utilities\STM32F4-Discovery\stm32f4_discovery.o
BUTTON_IRQn                                       Utilities\STM32F4-Discovery\stm32f4_discovery.o
BUTTON_PIN                                        Utilities\STM32F4-Discovery\stm32f4_discovery.o
BUTTON_PIN_SOURCE                                 Utilities\STM32F4-Discovery\stm32f4_discovery.o
BUTTON_PORT                                       Utilities\STM32F4-Discovery\stm32f4_discovery.o
BUTTON_PORT_SOURCE                                Utilities\STM32F4-Discovery\stm32f4_discovery.o
BusFault_Handler                                  src\stm32f4xx_it.o
                                                  src\startup_stm32f40xx.o
CAN1_RX0_IRQHandler                               src\startup_stm32f40xx.o
CAN1_RX1_IRQHandler                               src\startup_stm32f40xx.o
CAN1_SCE_IRQHandler                               src\startup_stm32f40xx.o
CAN1_TX_IRQHandler                                src\startup_stm32f40xx.o
CAN2_RX0_IRQHandler                               src\startup_stm32f40xx.o
CAN2_RX1_IRQHandler                               src\startup_stm32f40xx.o
CAN2_SCE_IRQHandler                               src\startup_stm32f40xx.o
CAN2_TX_IRQHandler                                src\startup_stm32f40xx.o
CAN_CancelTransmit                                Libraries\STM32F4xx_StdPeriph_Driver\src\stm32f4xx_can.o
CAN_ClearFlag                                     Libraries\STM32F4xx_StdPeriph_Driver\src\stm32f4xx_can.o
CAN_ClearITPendingBit                             Libraries\STM32F4xx_StdPeriph_Driver\src\stm32f4xx_can.o
CAN_DBGFreeze                                     Libraries\STM32F4xx_StdPeriph_Driver\src\stm32f4xx_can.o
CAN_DeInit                                        Libraries\STM32F4xx_StdPeriph_Driver\src\stm32f4xx_can.o
CAN_FIFORelease                                   Libraries\STM32F4xx_StdPeriph_Driver\src\stm32f4xx_can.o
CAN_FilterInit                                    Libraries\STM32F4xx_StdPeriph_Driver\src\stm32f4xx_can.o
CAN_GetFlagStatus                                 Libraries\STM32F4xx_StdPeriph_Driver\src\stm32f4xx_can.o
CAN_GetITStatus                                   Libraries\STM32F4xx_StdPeriph_Driver\src\stm32f4xx_can.o
CAN_GetLSBTransmitErrorCounter                    Libraries\STM32F4xx_StdPeriph_Driver\src\stm32f4xx_can.o
CAN_GetLastErrorCode                              Libraries\STM32F4xx_StdPeriph_Driver\src\stm32f4xx_can.o
CAN_GetReceiveErrorCounter                        Libraries\STM32F4xx_StdPeriph_Driver\src\stm32f4xx_can.o
CAN_ITConfig                                      Libraries\STM32F4xx_StdPeriph_Driver\src\stm32f4xx_can.o
CAN_Init                                          Libraries\STM32F4xx_StdPeriph_Driver\src\stm32f4xx_can.o
CAN_MessagePending                                Libraries\STM32F4xx_StdPeriph_Driver\src\stm32f4xx_can.o
CAN_OperatingModeRequest                          Libraries\STM32F4xx_StdPeriph_Driver\src\stm32f4xx_can.o
CAN_Receive                                       Libraries\STM32F4xx_StdPeriph_Driver\src\stm32f4xx_can.o
CAN_SlaveStartBank                                Libraries\STM32F4xx_StdPeriph_Driver\src\stm32f4xx_can.o
CAN_Sleep                                         Libraries\STM32F4xx_StdPeriph_Driver\src\stm32f4xx_can.o
CAN_StructInit                                    Libraries\STM32F4xx_StdPeriph_Driver\src\stm32f4xx_can.o
CAN_TTComModeCmd                                  Libraries\STM32F4xx_StdPeriph_Driver\src\stm32f4xx_can.o
CAN_Transmit                                      Libraries\STM32F4xx_StdPeriph_Driver\src\stm32f4xx_can.o
CAN_TransmitStatus                                Libraries\STM32F4xx_StdPeriph_Driver\src\stm32f4xx_can.o
CAN_WakeUp                                        Libraries\STM32F4xx_StdPeriph_Driver\src\stm32f4xx_can.o
CLockManagement_updateAlarm                       Libraries\NPC\Application\src\clock_management.o
CODECTimeout                                      Utilities\STM32F4-Discovery\stm32f4_discovery_audio_codec.o
CRC_CalcBlockCRC                                  Libraries\STM32F4xx_StdPeriph_Driver\src\stm32f4xx_crc.o
CRC_CalcCRC                                       Libraries\STM32F4xx_StdPeriph_Driver\src\stm32f4xx_crc.o
CRC_GetCRC                                        Libraries\STM32F4xx_StdPeriph_Driver\src\stm32f4xx_crc.o
CRC_GetIDRegister                                 Libraries\STM32F4xx_StdPeriph_Driver\src\stm32f4xx_crc.o
CRC_ResetDR                                       Libraries\STM32F4xx_StdPeriph_Driver\src\stm32f4xx_crc.o
CRC_SetIDRegister                                 Libraries\STM32F4xx_StdPeriph_Driver\src\stm32f4xx_crc.o
CRYP_AES_CBC                                      Libraries\STM32F4xx_StdPeriph_Driver\src\stm32f4xx_cryp_aes.o
CRYP_AES_CCM                                      Libraries\STM32F4xx_StdPeriph_Driver\src\stm32f4xx_cryp_aes.o
CRYP_AES_CTR                                      Libraries\STM32F4xx_StdPeriph_Driver\src\stm32f4xx_cryp_aes.o
CRYP_AES_ECB                                      Libraries\STM32F4xx_StdPeriph_Driver\src\stm32f4xx_cryp_aes.o
CRYP_AES_GCM                                      Libraries\STM32F4xx_StdPeriph_Driver\src\stm32f4xx_cryp_aes.o
CRYP_Cmd                                          Libraries\STM32F4xx_StdPeriph_Driver\src\stm32f4xx_cryp.o
                                                  Libraries\STM32F4xx_StdPeriph_Driver\src\stm32f4xx_cryp_tdes.o
                                                  Libraries\STM32F4xx_StdPeriph_Driver\src\stm32f4xx_cryp_des.o
                                                  Libraries\STM32F4xx_StdPeriph_Driver\src\stm32f4xx_cryp_aes.o
CRYP_DES_CBC                                      Libraries\STM32F4xx_StdPeriph_Driver\src\stm32f4xx_cryp_des.o
CRYP_DES_ECB                                      Libraries\STM32F4xx_StdPeriph_Driver\src\stm32f4xx_cryp_des.o
CRYP_DMACmd                                       Libraries\STM32F4xx_StdPeriph_Driver\src\stm32f4xx_cryp.o
CRYP_DataIn                                       Libraries\STM32F4xx_StdPeriph_Driver\src\stm32f4xx_cryp.o
                                                  Libraries\STM32F4xx_StdPeriph_Driver\src\stm32f4xx_cryp_tdes.o
                                                  Libraries\STM32F4xx_StdPeriph_Driver\src\stm32f4xx_cryp_des.o
                                                  Libraries\STM32F4xx_StdPeriph_Driver\src\stm32f4xx_cryp_aes.o
CRYP_DataOut                                      Libraries\STM32F4xx_StdPeriph_Driver\src\stm32f4xx_cryp.o
                                                  Libraries\STM32F4xx_StdPeriph_Driver\src\stm32f4xx_cryp_tdes.o
                                                  Libraries\STM32F4xx_StdPeriph_Driver\src\stm32f4xx_cryp_des.o
                                                  Libraries\STM32F4xx_StdPeriph_Driver\src\stm32f4xx_cryp_aes.o
CRYP_DeInit                                       Libraries\STM32F4xx_StdPeriph_Driver\src\stm32f4xx_cryp.o
CRYP_FIFOFlush                                    Libraries\STM32F4xx_StdPeriph_Driver\src\stm32f4xx_cryp.o
                                                  Libraries\STM32F4xx_StdPeriph_Driver\src\stm32f4xx_cryp_tdes.o
                                                  Libraries\STM32F4xx_StdPeriph_Driver\src\stm32f4xx_cryp_des.o
                                                  Libraries\STM32F4xx_StdPeriph_Driver\src\stm32f4xx_cryp_aes.o
CRYP_GetCmdStatus                                 Libraries\STM32F4xx_StdPeriph_Driver\src\stm32f4xx_cryp.o
                                                  Libraries\STM32F4xx_StdPeriph_Driver\src\stm32f4xx_cryp_tdes.o
                                                  Libraries\STM32F4xx_StdPeriph_Driver\src\stm32f4xx_cryp_des.o
                                                  Libraries\STM32F4xx_StdPeriph_Driver\src\stm32f4xx_cryp_aes.o
CRYP_GetFlagStatus                                Libraries\STM32F4xx_StdPeriph_Driver\src\stm32f4xx_cryp.o
                                                  Libraries\STM32F4xx_StdPeriph_Driver\src\stm32f4xx_cryp_tdes.o
                                                  Libraries\STM32F4xx_StdPeriph_Driver\src\stm32f4xx_cryp_des.o
                                                  Libraries\STM32F4xx_StdPeriph_Driver\src\stm32f4xx_cryp_aes.o
CRYP_GetITStatus                                  Libraries\STM32F4xx_StdPeriph_Driver\src\stm32f4xx_cryp.o
CRYP_IRQHandler                                   src\startup_stm32f40xx.o
CRYP_ITConfig                                     Libraries\STM32F4xx_StdPeriph_Driver\src\stm32f4xx_cryp.o
CRYP_IVInit                                       Libraries\STM32F4xx_StdPeriph_Driver\src\stm32f4xx_cryp.o
                                                  Libraries\STM32F4xx_StdPeriph_Driver\src\stm32f4xx_cryp_tdes.o
                                                  Libraries\STM32F4xx_StdPeriph_Driver\src\stm32f4xx_cryp_des.o
                                                  Libraries\STM32F4xx_StdPeriph_Driver\src\stm32f4xx_cryp_aes.o
CRYP_IVStructInit                                 Libraries\STM32F4xx_StdPeriph_Driver\src\stm32f4xx_cryp.o
CRYP_Init                                         Libraries\STM32F4xx_StdPeriph_Driver\src\stm32f4xx_cryp.o
                                                  Libraries\STM32F4xx_StdPeriph_Driver\src\stm32f4xx_cryp_tdes.o
                                                  Libraries\STM32F4xx_StdPeriph_Driver\src\stm32f4xx_cryp_des.o
                                                  Libraries\STM32F4xx_StdPeriph_Driver\src\stm32f4xx_cryp_aes.o
CRYP_KeyInit                                      Libraries\STM32F4xx_StdPeriph_Driver\src\stm32f4xx_cryp.o
                                                  Libraries\STM32F4xx_StdPeriph_Driver\src\stm32f4xx_cryp_tdes.o
                                                  Libraries\STM32F4xx_StdPeriph_Driver\src\stm32f4xx_cryp_des.o
                                                  Libraries\STM32F4xx_StdPeriph_Driver\src\stm32f4xx_cryp_aes.o
CRYP_KeyStructInit                                Libraries\STM32F4xx_StdPeriph_Driver\src\stm32f4xx_cryp.o
                                                  Libraries\STM32F4xx_StdPeriph_Driver\src\stm32f4xx_cryp_tdes.o
                                                  Libraries\STM32F4xx_StdPeriph_Driver\src\stm32f4xx_cryp_des.o
                                                  Libraries\STM32F4xx_StdPeriph_Driver\src\stm32f4xx_cryp_aes.o
CRYP_PhaseConfig                                  Libraries\STM32F4xx_StdPeriph_Driver\src\stm32f4xx_cryp.o
                                                  Libraries\STM32F4xx_StdPeriph_Driver\src\stm32f4xx_cryp_aes.o
CRYP_RestoreContext                               Libraries\STM32F4xx_StdPeriph_Driver\src\stm32f4xx_cryp.o
CRYP_SaveContext                                  Libraries\STM32F4xx_StdPeriph_Driver\src\stm32f4xx_cryp.o
CRYP_StructInit                                   Libraries\STM32F4xx_StdPeriph_Driver\src\stm32f4xx_cryp.o
CRYP_TDES_CBC                                     Libraries\STM32F4xx_StdPeriph_Driver\src\stm32f4xx_cryp_tdes.o
CRYP_TDES_ECB                                     Libraries\STM32F4xx_StdPeriph_Driver\src\stm32f4xx_cryp_tdes.o
ClockManagement_isAlarmBefore                     Libraries\NPC\Application\src\clock_management.o
                                                  Libraries\NPC\UnitTest\src\clock_management_test.o
ClockManagement_isDateBefore                      Libraries\NPC\Application\src\clock_management.o
                                                  Libraries\NPC\UnitTest\src\clock_management_test.o
ClockManagement_isTimeBefore                      Libraries\NPC\Application\src\clock_management.o
                                                  Libraries\NPC\UnitTest\src\clock_management_test.o
ClockManagement_loadAlarm                         Libraries\NPC\Application\src\clock_management.o
                                                  Libraries\NPC\UnitTest\src\clock_management_test.o
ClockManagement_loadDate                          Libraries\NPC\Application\src\clock_management.o
                                                  Libraries\NPC\UnitTest\src\clock_management_test.o
ClockManagement_loadTime                          Libraries\NPC\Application\src\clock_management.o
                                                  Libraries\NPC\UnitTest\src\clock_management_test.o
ClockManagement_saveAlarm                         Libraries\NPC\Application\src\clock_management.o
                                                  Libraries\NPC\UnitTest\src\clock_management_test.o
ClockManagement_saveDate                          Libraries\NPC\Application\src\clock_management.o
                                                  Libraries\NPC\UnitTest\src\clock_management_test.o
ClockManagement_saveTime                          Libraries\NPC\Application\src\clock_management.o
                                                  Libraries\NPC\UnitTest\src\clock_management_test.o
Codec_TIMEOUT_UserCallback                        Utilities\STM32F4-Discovery\stm32f4_discovery_audio_codec.o
CurrAudioInterface                                Utilities\STM32F4-Discovery\stm32f4_discovery_audio_codec.o
CurrentPos                                        Utilities\STM32F4-Discovery\stm32f4_discovery_audio_codec.o
DAC_ClearFlag                                     Libraries\STM32F4xx_StdPeriph_Driver\src\stm32f4xx_dac.o
DAC_ClearITPendingBit                             Libraries\STM32F4xx_StdPeriph_Driver\src\stm32f4xx_dac.o
DAC_Cmd                                           Libraries\STM32F4xx_StdPeriph_Driver\src\stm32f4xx_dac.o
                                                  Utilities\STM32F4-Discovery\stm32f4_discovery_audio_codec.o
                                                  Libraries\NPC\Framework\src\NPC_audio.o
DAC_Config                                        Utilities\STM32F4-Discovery\stm32f4_discovery_audio_codec.o
DAC_DMACmd                                        Libraries\STM32F4xx_StdPeriph_Driver\src\stm32f4xx_dac.o
                                                  Libraries\NPC\Framework\src\NPC_audio.o
DAC_DeInit                                        Libraries\STM32F4xx_StdPeriph_Driver\src\stm32f4xx_dac.o
DAC_DualSoftwareTriggerCmd                        Libraries\STM32F4xx_StdPeriph_Driver\src\stm32f4xx_dac.o
DAC_GetDataOutputValue                            Libraries\STM32F4xx_StdPeriph_Driver\src\stm32f4xx_dac.o
DAC_GetFlagStatus                                 Libraries\STM32F4xx_StdPeriph_Driver\src\stm32f4xx_dac.o
DAC_GetITStatus                                   Libraries\STM32F4xx_StdPeriph_Driver\src\stm32f4xx_dac.o
DAC_ITConfig                                      Libraries\STM32F4xx_StdPeriph_Driver\src\stm32f4xx_dac.o
DAC_Init                                          Libraries\STM32F4xx_StdPeriph_Driver\src\stm32f4xx_dac.o
                                                  Utilities\STM32F4-Discovery\stm32f4_discovery_audio_codec.o
                                                  Libraries\NPC\Framework\src\NPC_audio.o
DAC_SetChannel1Data                               Libraries\STM32F4xx_StdPeriph_Driver\src\stm32f4xx_dac.o
                                                  Utilities\STM32F4-Discovery\stm32f4_discovery_audio_codec.o
DAC_SetChannel2Data                               Libraries\STM32F4xx_StdPeriph_Driver\src\stm32f4xx_dac.o
DAC_SetDualChannelData                            Libraries\STM32F4xx_StdPeriph_Driver\src\stm32f4xx_dac.o
DAC_SoftwareTriggerCmd                            Libraries\STM32F4xx_StdPeriph_Driver\src\stm32f4xx_dac.o
DAC_StructInit                                    Libraries\STM32F4xx_StdPeriph_Driver\src\stm32f4xx_dac.o
DAC_WaveGenerationCmd                             Libraries\STM32F4xx_StdPeriph_Driver\src\stm32f4xx_dac.o
DBGMCU_APB1PeriphConfig                           Libraries\STM32F4xx_StdPeriph_Driver\src\stm32f4xx_dbgmcu.o
DBGMCU_APB2PeriphConfig                           Libraries\STM32F4xx_StdPeriph_Driver\src\stm32f4xx_dbgmcu.o
DBGMCU_Config                                     Libraries\STM32F4xx_StdPeriph_Driver\src\stm32f4xx_dbgmcu.o
DBGMCU_GetDEVID                                   Libraries\STM32F4xx_StdPeriph_Driver\src\stm32f4xx_dbgmcu.o
DBGMCU_GetREVID                                   Libraries\STM32F4xx_StdPeriph_Driver\src\stm32f4xx_dbgmcu.o
DCMI_CROPCmd                                      Libraries\STM32F4xx_StdPeriph_Driver\src\stm32f4xx_dcmi.o
DCMI_CROPConfig                                   Libraries\STM32F4xx_StdPeriph_Driver\src\stm32f4xx_dcmi.o
DCMI_CaptureCmd                                   Libraries\STM32F4xx_StdPeriph_Driver\src\stm32f4xx_dcmi.o
DCMI_ClearFlag                                    Libraries\STM32F4xx_StdPeriph_Driver\src\stm32f4xx_dcmi.o
DCMI_ClearITPendingBit                            Libraries\STM32F4xx_StdPeriph_Driver\src\stm32f4xx_dcmi.o
DCMI_Cmd                                          Libraries\STM32F4xx_StdPeriph_Driver\src\stm32f4xx_dcmi.o
DCMI_DeInit                                       Libraries\STM32F4xx_StdPeriph_Driver\src\stm32f4xx_dcmi.o
DCMI_GetFlagStatus                                Libraries\STM32F4xx_StdPeriph_Driver\src\stm32f4xx_dcmi.o
DCMI_GetITStatus                                  Libraries\STM32F4xx_StdPeriph_Driver\src\stm32f4xx_dcmi.o
DCMI_IRQHandler                                   src\startup_stm32f40xx.o
DCMI_ITConfig                                     Libraries\STM32F4xx_StdPeriph_Driver\src\stm32f4xx_dcmi.o
DCMI_Init                                         Libraries\STM32F4xx_StdPeriph_Driver\src\stm32f4xx_dcmi.o
DCMI_JPEGCmd                                      Libraries\STM32F4xx_StdPeriph_Driver\src\stm32f4xx_dcmi.o
DCMI_ReadData                                     Libraries\STM32F4xx_StdPeriph_Driver\src\stm32f4xx_dcmi.o
DCMI_SetEmbeddedSynchroCodes                      Libraries\STM32F4xx_StdPeriph_Driver\src\stm32f4xx_dcmi.o
DCMI_StructInit                                   Libraries\STM32F4xx_StdPeriph_Driver\src\stm32f4xx_dcmi.o
DMA1_Stream0_IRQHandler                           Utilities\STM32F4-Discovery\stm32f4_discovery_audio_codec.o
DMA1_Stream1_IRQHandler                           src\startup_stm32f40xx.o
DMA1_Stream2_IRQHandler                           src\startup_stm32f40xx.o
DMA1_Stream3_IRQHandler                           src\startup_stm32f40xx.o
DMA1_Stream4_IRQHandler                           src\startup_stm32f40xx.o
DMA1_Stream5_IRQHandler                           src\startup_stm32f40xx.o
DMA1_Stream6_IRQHandler                           src\startup_stm32f40xx.o
DMA1_Stream7_IRQHandler                           Utilities\STM32F4-Discovery\stm32f4_discovery_audio_codec.o
DMA2_Stream0_IRQHandler                           src\startup_stm32f40xx.o
DMA2_Stream1_IRQHandler                           src\startup_stm32f40xx.o
DMA2_Stream2_IRQHandler                           src\startup_stm32f40xx.o
DMA2_Stream3_IRQHandler                           src\startup_stm32f40xx.o
DMA2_Stream4_IRQHandler                           src\startup_stm32f40xx.o
DMA2_Stream5_IRQHandler                           src\startup_stm32f40xx.o
DMA2_Stream6_IRQHandler                           src\startup_stm32f40xx.o
DMA2_Stream7_IRQHandler                           src\startup_stm32f40xx.o
DMA_ClearFlag                                     Libraries\STM32F4xx_StdPeriph_Driver\src\stm32f4xx_dma.o
                                                  Utilities\STM32F4-Discovery\stm32f4_discovery_audio_codec.o
                                                  Libraries\NPC\Framework\src\NPC_audio.o
DMA_ClearITPendingBit                             Libraries\STM32F4xx_StdPeriph_Driver\src\stm32f4xx_dma.o
DMA_Cmd                                           Libraries\STM32F4xx_StdPeriph_Driver\src\stm32f4xx_dma.o
                                                  Utilities\STM32F4-Discovery\stm32f4_discovery_audio_codec.o
                                                  Libraries\NPC\Framework\src\NPC_audio.o
DMA_DeInit                                        Libraries\STM32F4xx_StdPeriph_Driver\src\stm32f4xx_dma.o
                                                  Utilities\STM32F4-Discovery\stm32f4_discovery_audio_codec.o
DMA_DoubleBufferModeCmd                           Libraries\STM32F4xx_StdPeriph_Driver\src\stm32f4xx_dma.o
DMA_DoubleBufferModeConfig                        Libraries\STM32F4xx_StdPeriph_Driver\src\stm32f4xx_dma.o
DMA_FlowControllerConfig                          Libraries\STM32F4xx_StdPeriph_Driver\src\stm32f4xx_dma.o
DMA_GetCmdStatus                                  Libraries\STM32F4xx_StdPeriph_Driver\src\stm32f4xx_dma.o
                                                  Utilities\STM32F4-Discovery\stm32f4_discovery_audio_codec.o
DMA_GetCurrDataCounter                            Libraries\STM32F4xx_StdPeriph_Driver\src\stm32f4xx_dma.o
DMA_GetCurrentMemoryTarget                        Libraries\STM32F4xx_StdPeriph_Driver\src\stm32f4xx_dma.o
DMA_GetFIFOStatus                                 Libraries\STM32F4xx_StdPeriph_Driver\src\stm32f4xx_dma.o
DMA_GetFlagStatus                                 Libraries\STM32F4xx_StdPeriph_Driver\src\stm32f4xx_dma.o
                                                  Utilities\STM32F4-Discovery\stm32f4_discovery_audio_codec.o
DMA_GetITStatus                                   Libraries\STM32F4xx_StdPeriph_Driver\src\stm32f4xx_dma.o
DMA_ITConfig                                      Libraries\STM32F4xx_StdPeriph_Driver\src\stm32f4xx_dma.o
                                                  Utilities\STM32F4-Discovery\stm32f4_discovery_audio_codec.o
DMA_Init                                          Libraries\STM32F4xx_StdPeriph_Driver\src\stm32f4xx_dma.o
                                                  Utilities\STM32F4-Discovery\stm32f4_discovery_audio_codec.o
                                                  Libraries\NPC\Framework\src\NPC_audio.o
DMA_InitStructure                                 Utilities\STM32F4-Discovery\stm32f4_discovery_audio_codec.o
DMA_MemoryTargetConfig                            Libraries\STM32F4xx_StdPeriph_Driver\src\stm32f4xx_dma.o
DMA_PeriphIncOffsetSizeConfig                     Libraries\STM32F4xx_StdPeriph_Driver\src\stm32f4xx_dma.o
DMA_SetCurrDataCounter                            Libraries\STM32F4xx_StdPeriph_Driver\src\stm32f4xx_dma.o
DMA_StructInit                                    Libraries\STM32F4xx_StdPeriph_Driver\src\stm32f4xx_dma.o
                                                  Libraries\NPC\Framework\src\NPC_audio.o
DebugMon_Handler                                  src\stm32f4xx_it.o
                                                  src\startup_stm32f40xx.o
Default_Handler                                   src\startup_stm32f40xx.o
ETH_IRQHandler                                    src\startup_stm32f40xx.o
ETH_WKUP_IRQHandler                               src\startup_stm32f40xx.o
EVAL_AUDIO_DeInit                                 Utilities\STM32F4-Discovery\stm32f4_discovery_audio_codec.o
EVAL_AUDIO_GetSampleCallBack                      src\main.o
                                                  Utilities\STM32F4-Discovery\stm32f4_discovery_audio_codec.o
EVAL_AUDIO_Init                                   Utilities\STM32F4-Discovery\stm32f4_discovery_audio_codec.o
EVAL_AUDIO_Mute                                   Utilities\STM32F4-Discovery\stm32f4_discovery_audio_codec.o
EVAL_AUDIO_PauseResume                            Utilities\STM32F4-Discovery\stm32f4_discovery_audio_codec.o
EVAL_AUDIO_Play                                   Utilities\STM32F4-Discovery\stm32f4_discovery_audio_codec.o
EVAL_AUDIO_SetAudioInterface                      Utilities\STM32F4-Discovery\stm32f4_discovery_audio_codec.o
EVAL_AUDIO_Stop                                   Utilities\STM32F4-Discovery\stm32f4_discovery_audio_codec.o
EVAL_AUDIO_TransferComplete_CallBack              src\main.o
                                                  Utilities\STM32F4-Discovery\stm32f4_discovery_audio_codec.o
EVAL_AUDIO_VolumeCtl                              Utilities\STM32F4-Discovery\stm32f4_discovery_audio_codec.o
EXTI0_IRQHandler                                  src\startup_stm32f40xx.o
EXTI15_10_IRQHandler                              src\startup_stm32f40xx.o
EXTI1_IRQHandler                                  src\startup_stm32f40xx.o
EXTI2_IRQHandler                                  src\startup_stm32f40xx.o
EXTI3_IRQHandler                                  src\startup_stm32f40xx.o
EXTI4_IRQHandler                                  src\startup_stm32f40xx.o
EXTI9_5_IRQHandler                                src\startup_stm32f40xx.o
EXTI_ClearFlag                                    Libraries\STM32F4xx_StdPeriph_Driver\src\stm32f4xx_exti.o
EXTI_ClearITPendingBit                            Libraries\STM32F4xx_StdPeriph_Driver\src\stm32f4xx_exti.o
                                                  Libraries\NPC\Framework\src\NPC_clock.o
EXTI_DeInit                                       Libraries\STM32F4xx_StdPeriph_Driver\src\stm32f4xx_exti.o
EXTI_GenerateSWInterrupt                          Libraries\STM32F4xx_StdPeriph_Driver\src\stm32f4xx_exti.o
EXTI_GetFlagStatus                                Libraries\STM32F4xx_StdPeriph_Driver\src\stm32f4xx_exti.o
EXTI_GetITStatus                                  Libraries\STM32F4xx_StdPeriph_Driver\src\stm32f4xx_exti.o
EXTI_Init                                         Libraries\STM32F4xx_StdPeriph_Driver\src\stm32f4xx_exti.o
                                                  Utilities\STM32F4-Discovery\stm32f4_discovery.o
                                                  Libraries\NPC\Framework\src\NPC_clock.o
EXTI_InitStruct                                   Libraries\NPC\Framework\src\NPC_clock.o
EXTI_StructInit                                   Libraries\STM32F4xx_StdPeriph_Driver\src\stm32f4xx_exti.o
Error_Handler                                     Libraries\NPC\Framework\src\NPC_configuration.o
FLASH_ClearFlag                                   Libraries\STM32F4xx_StdPeriph_Driver\src\stm32f4xx_flash.o
FLASH_DataCacheCmd                                Libraries\STM32F4xx_StdPeriph_Driver\src\stm32f4xx_flash.o